Component: ARM Compiler 5.06 update 5 (build 528) Tool: armlink [4d35e2]

==============================================================================

Section Cross References

    main.o(i.camera_new_pathname) refers to _printf_pad.o(.text) for _printf_pre_padding
    main.o(i.camera_new_pathname) refers to _printf_percent.o(.ARM.Collect$$_printf_percent$$00000000) for _printf_percent
    main.o(i.camera_new_pathname) refers to _printf_d.o(.ARM.Collect$$_printf_percent$$00000009) for _printf_d
    main.o(i.camera_new_pathname) refers to _printf_dec.o(.text) for _printf_int_dec
    main.o(i.camera_new_pathname) refers to noretval__2sprintf.o(.text) for __2sprintf
    main.o(i.camera_new_pathname) refers to ff.o(i.f_open) for f_open
    main.o(i.camera_new_pathname) refers to exfuns.o(.data) for ftemp
    main.o(i.main) refers to delay.o(i.delay_init) for delay_init
    main.o(i.main) refers to misc.o(i.NVIC_PriorityGroupConfig) for NVIC_PriorityGroupConfig
    main.o(i.main) refers to usart.o(i.uart_init) for uart_init
    main.o(i.main) refers to led.o(i.LED_Init) for LED_Init
    main.o(i.main) refers to key.o(i.KEY_Init) for KEY_Init
    main.o(i.main) refers to lcd.o(i.LCD_Init) for LCD_Init
    main.o(i.main) refers to w25qxx.o(i.W25QXX_Init) for W25QXX_Init
    main.o(i.main) refers to malloc.o(i.my_mem_init) for my_mem_init
    main.o(i.main) refers to exfuns.o(i.exfuns_init) for exfuns_init
    main.o(i.main) refers to ff.o(i.f_mount) for f_mount
    main.o(i.main) refers to ff.o(i.f_mkdir) for f_mkdir
    main.o(i.main) refers to lcd.o(i.LCD_Scan_Dir) for LCD_Scan_Dir
    main.o(i.main) refers to malloc.o(i.mymalloc) for mymalloc
    main.o(i.main) refers to ov7670.o(i.OV7670_Init) for OV7670_Init
    main.o(i.main) refers to delay.o(i.delay_ms) for delay_ms
    main.o(i.main) refers to ov7670.o(i.OV7670_Window_Set) for OV7670_Window_Set
    main.o(i.main) refers to lcd.o(i.LCD_Clear) for LCD_Clear
    main.o(i.main) refers to key.o(i.KEY_Scan) for KEY_Scan
    main.o(i.main) refers to main.o(i.camera_new_pathname) for camera_new_pathname
    main.o(i.main) refers to bmp.o(i.bmp_encode) for bmp_encode
    main.o(i.main) refers to lcd.o(i.LCD_SetCursor) for LCD_SetCursor
    main.o(i.main) refers to lcd.o(i.LCD_WriteRAM_Prepare) for LCD_WriteRAM_Prepare
    main.o(i.main) refers to pichandle.o(i.GRB2GRey) for GRB2GRey
    main.o(i.main) refers to pichandle.o(i.Binary) for Binary
    main.o(i.main) refers to exfuns.o(.data) for fs
    main.o(i.main) refers to lcd.o(.data) for POINT_COLOR
    main.o(i.main) refers to main.o(.bss) for .bss
    main.o(i.main) refers to lcd.o(.bss) for lcddev
    system_stm32f10x.o(i.SystemCoreClockUpdate) refers to system_stm32f10x.o(.data) for .data
    system_stm32f10x.o(i.SystemInit) refers to system_stm32f10x.o(i.SetSysClockTo72) for SetSysClockTo72
    led.o(i.LED_Init) refers to stm32f10x_rcc.o(i.RCC_APB2PeriphClockCmd) for RCC_APB2PeriphClockCmd
    led.o(i.LED_Init) refers to stm32f10x_gpio.o(i.GPIO_Init) for GPIO_Init
    led.o(i.LED_Init) refers to stm32f10x_gpio.o(i.GPIO_SetBits) for GPIO_SetBits
    key.o(i.KEY_Init) refers to stm32f10x_rcc.o(i.RCC_APB2PeriphClockCmd) for RCC_APB2PeriphClockCmd
    key.o(i.KEY_Init) refers to stm32f10x_gpio.o(i.GPIO_Init) for GPIO_Init
    key.o(i.KEY_Scan) refers to stm32f10x_gpio.o(i.GPIO_ReadInputDataBit) for GPIO_ReadInputDataBit
    key.o(i.KEY_Scan) refers to delay.o(i.delay_ms) for delay_ms
    key.o(i.KEY_Scan) refers to key.o(.data) for .data
    lcd.o(i.Drawx) refers to lcd.o(i.LCD_DrawLine) for LCD_DrawLine
    lcd.o(i.Drawx) refers to lcd.o(.data) for .data
    lcd.o(i.LCD_Clear) refers to lcd.o(i.LCD_SetCursor) for LCD_SetCursor
    lcd.o(i.LCD_Clear) refers to lcd.o(i.LCD_WriteRAM_Prepare) for LCD_WriteRAM_Prepare
    lcd.o(i.LCD_Clear) refers to lcd.o(.bss) for .bss
    lcd.o(i.LCD_Color_Fill) refers to lcd.o(i.LCD_SetCursor) for LCD_SetCursor
    lcd.o(i.LCD_Color_Fill) refers to lcd.o(i.LCD_WriteRAM_Prepare) for LCD_WriteRAM_Prepare
    lcd.o(i.LCD_DisplayOff) refers to lcd.o(i.LCD_WriteReg) for LCD_WriteReg
    lcd.o(i.LCD_DisplayOff) refers to lcd.o(.bss) for .bss
    lcd.o(i.LCD_DisplayOn) refers to lcd.o(i.LCD_WriteReg) for LCD_WriteReg
    lcd.o(i.LCD_DisplayOn) refers to lcd.o(.bss) for .bss
    lcd.o(i.LCD_Display_Dir) refers to lcd.o(i.LCD_Scan_Dir) for LCD_Scan_Dir
    lcd.o(i.LCD_Display_Dir) refers to lcd.o(.bss) for .bss
    lcd.o(i.LCD_DrawLine) refers to lcd.o(i.LCD_DrawPoint) for LCD_DrawPoint
    lcd.o(i.LCD_DrawPoint) refers to lcd.o(i.LCD_SetCursor) for LCD_SetCursor
    lcd.o(i.LCD_DrawPoint) refers to lcd.o(i.LCD_WriteRAM_Prepare) for LCD_WriteRAM_Prepare
    lcd.o(i.LCD_DrawPoint) refers to lcd.o(.data) for .data
    lcd.o(i.LCD_DrawRectangle) refers to lcd.o(i.LCD_DrawLine) for LCD_DrawLine
    lcd.o(i.LCD_Draw_Circle) refers to lcd.o(i.LCD_DrawPoint) for LCD_DrawPoint
    lcd.o(i.LCD_Fast_DrawPoint) refers to lcd.o(i.LCD_WriteReg) for LCD_WriteReg
[...]
    mem_cpy                                  0x08007fb5   Thumb Code    16  ff.o(i.mem_cpy)
    i.mem_set                                0x08007fc4   Section        0  ff.o(i.mem_set)
    mem_set                                  0x08007fc5   Thumb Code    14  ff.o(i.mem_set)
    i.move_window                            0x08007fd2   Section        0  ff.o(i.move_window)
    move_window                              0x08007fd3   Thumb Code    50  ff.o(i.move_window)
    i.my_mem_free                            0x08008004   Section        0  malloc.o(i.my_mem_free)
    i.my_mem_init                            0x0800805c   Section        0  malloc.o(i.my_mem_init)
    i.my_mem_malloc                          0x08008098   Section        0  malloc.o(i.my_mem_malloc)
    i.my_mem_perused                         0x08008124   Section        0  malloc.o(i.my_mem_perused)
    i.myfree                                 0x0800815c   Section        0  malloc.o(i.myfree)
    i.mymalloc                               0x08008174   Section        0  malloc.o(i.mymalloc)
    i.mymemset                               0x08008194   Section        0  malloc.o(i.mymemset)
    i.pic_memalloc                           0x080081a0   Section        0  piclib.o(i.pic_memalloc)
    i.pic_memfree                            0x080081a8   Section        0  piclib.o(i.pic_memfree)
    i.put_fat                                0x080081b0   Section        0  ff.o(i.put_fat)
    i.remove_chain                           0x080082a4   Section        0  ff.o(i.remove_chain)
    remove_chain                             0x080082a5   Thumb Code    98  ff.o(i.remove_chain)
    i.st_clust                               0x08008306   Section        0  ff.o(i.st_clust)
    st_clust                                 0x08008307   Thumb Code    16  ff.o(i.st_clust)
    i.sum_sfn                                0x08008316   Section        0  ff.o(i.sum_sfn)
    sum_sfn                                  0x08008317   Thumb Code    26  ff.o(i.sum_sfn)
    i.sync_fs                                0x08008330   Section        0  ff.o(i.sync_fs)
    sync_fs                                  0x08008331   Thumb Code   176  ff.o(i.sync_fs)
    i.sync_window                            0x080083e0   Section        0  ff.o(i.sync_window)
    sync_window                              0x080083e1   Thumb Code    82  ff.o(i.sync_window)
    i.uart_init                              0x08008434   Section        0  usart.o(i.uart_init)
    i.validate                               0x080084d4   Section        0  ff.o(i.validate)
    validate                                 0x080084d5   Thumb Code    38  ff.o(i.validate)
    x$fpl$dfixu                              0x080084fc   Section       90  dfixu.o(x$fpl$dfixu)
    x$fpl$dfltu                              0x08008556   Section       38  dflt_clz.o(x$fpl$dfltu)
    x$fpl$dmul                               0x0800857c   Section      340  dmul.o(x$fpl$dmul)
    x$fpl$dnaninf                            0x080086d0   Section      156  dnaninf.o(x$fpl$dnaninf)
    x$fpl$dretinf                            0x0800876c   Section       12  dretinf.o(x$fpl$dretinf)
    .constdata                               0x08008778   Section      342  ov7670.o(.constdata)
    x$fpl$usenofp                            0x08008778   Section        0  usenofp.o(x$fpl$usenofp)
    .constdata                               0x080088d0   Section       24  malloc.o(.constdata)
    .constdata                               0x080088e8   Section       58  ff.o(.constdata)
    LfnOfs                                   0x080088e8   Data          13  ff.o(.constdata)
    vst                                      0x080088f6   Data          22  ff.o(.constdata)
    cst                                      0x0800890c   Data          22  ff.o(.constdata)
    .constdata                               0x08008922   Section      960  mycc936.o(.constdata)
    tbl_lower                                0x08008922   Data         480  mycc936.o(.constdata)
    tbl_upper                                0x08008b02   Data         480  mycc936.o(.constdata)
    .constdata                               0x08008ce2   Section       40  _printf_hex_int.o(.constdata)
    uc_hextab                                0x08008ce2   Data          20  _printf_hex_int.o(.constdata)
    lc_hextab                                0x08008cf6   Data          20  _printf_hex_int.o(.constdata)
    .constdata                               0x08008d0a   Section       17  __printf_flags_wp.o(.constdata)
    maptable                                 0x08008d0a   Data          17  __printf_flags_wp.o(.constdata)
    .data                                    0x20000000   Section       20  system_stm32f10x.o(.data)
    .data                                    0x20000014   Section        1  key.o(.data)
    key_up                                   0x20000014   Data           1  key.o(.data)
    .data                                    0x20000016   Section        4  lcd.o(.data)
    .data                                    0x2000001a   Section        2  w25qxx.o(.data)
    .data                                    0x2000001c   Section       16  sdio_sdcard.o(.data)
    CardType                                 0x2000001c   Data           1  sdio_sdcard.o(.data)
    DeviceMode                               0x2000001d   Data           1  sdio_sdcard.o(.data)
    StopCondition                            0x2000001e   Data           1  sdio_sdcard.o(.data)
    RCA                                      0x20000024   Data           4  sdio_sdcard.o(.data)
    .data                                    0x2000002c   Section        4  timer.o(.data)
    .data                                    0x20000030   Section       24  pichandle.o(.data)
    Gray                                     0x20000030   Data           2  pichandle.o(.data)
    Gray                                     0x20000032   Data           2  pichandle.o(.data)
    .data                                    0x20000048   Section        4  delay.o(.data)
    fac_us                                   0x20000048   Data           1  delay.o(.data)
    fac_ms                                   0x2000004a   Data           2  delay.o(.data)
    .data                                    0x2000004c   Section        2  usart.o(.data)
    .data                                    0x20000050   Section        4  usart.o(.data)
    .data                                    0x20000054   Section       20  stm32f10x_rcc.o(.data)
    ADCPrescTable                            0x20000054   Data           4  stm32f10x_rcc.o(.data)
    APBAHBPrescTable                         0x20000058   Data          16  stm32f10x_rcc.o(.data)
    .data                                    0x20000068   Section       28  malloc.o(.data)
    .data                                    0x20000084   Section        2  diskio.o(.data)
    .data                                    0x20000088   Section       12  ff.o(.data)
    Fsid                                     0x20000088   Data           2  ff.o(.data)
    FatFs                                    0x2000008c   Data           8  ff.o(.data)
    .data                                    0x20000094   Section       20  exfuns.o(.data)
    .data                                    0x200000a8   Section        4  exfuns.o(.data)
    .bss                                     0x200000ac   Section      640  main.o(.bss)
    .bss                                     0x2000032c   Section       14  lcd.o(.bss)
    .bss                                     0x2000033a   Section     4096  w25qxx.o(.bss)
    .bss                                     0x20001340   Section      704  sdio_sdcard.o(.bss)
    CSD_Tab                                  0x20001384   Data          16  sdio_sdcard.o(.bss)
    CID_Tab                                  0x20001394   Data          16  sdio_sdcard.o(.bss)
    .bss                                     0x20001600   Section      200  usart.o(.bss)
    .bss                                     0x200016e0   Section    40960  malloc.o(.bss)
    .bss                                     0x2000b6e0   Section     2560  malloc.o(.bss)
    .bss                                     0x2000c0e0   Section       33  fontupd.o(.bss)
    .bss                                     0x2000c104   Section       96  libspace.o(.bss)
    HEAP                                     0x2000c168   Section      512  startup_stm32f10x_hd.o(HEAP)
    Heap_Mem                                 0x2000c168   Data         512  startup_stm32f10x_hd.o(HEAP)
    STACK                                    0x2000c368   Section     1024  startup_stm32f10x_hd.o(STACK)
    Stack_Mem                                0x2000c368   Data        1024  startup_stm32f10x_hd.o(STACK)
    __initial_sp                             0x2000c768   Data           0  startup_stm32f10x_hd.o(STACK)
    .ARM.__AT_0x68000000                     0x68000000   Section       32  malloc.o(.ARM.__AT_0x68000000)
    .ARM.__AT_0x68000020                     0x68000020   Section        2  malloc.o(.ARM.__AT_0x68000020)

    Global Symbols

    Symbol Name                              Value     Ov Type        Size  Object(Section)

    BuildAttributes$$THM_ISAv4$P$D$K$B$S$PE$A:L22UL41UL21$X:L11$S22US41US21$IEEE1$IW$USESV6$~STKCKD$USESV7$~SHL$OTIME$ROPI$IEEEX$EBA8$UX$STANDARDLIB$REQ8$PRES8$EABIv2 0x00000000   Number         0  anon$$obj.o ABSOLUTE
    __ARM_use_no_argv                        0x00000000   Number         0  main.o ABSOLUTE
    _printf_flags                            0x00000000   Number         0  printf_stubs.o ABSOLUTE
    _printf_return_value                     0x00000000   Number         0  printf_stubs.o ABSOLUTE
    _printf_sizespec                         0x00000000   Number         0  printf_stubs.o ABSOLUTE
    _printf_widthprec                        0x00000000   Number         0  printf_stubs.o ABSOLUTE
    __ARM_exceptions_init                     - Undefined Weak Reference
    __alloca_initialize                       - Undefined Weak Reference
    __arm_preinit_                            - Undefined Weak Reference
    __cpp_initialize__aeabi_                  - Undefined Weak Reference
    __cxa_finalize                            - Undefined Weak Reference
    __rt_locale                               - Undefined Weak Reference
    __sigvec_lookup                           - Undefined Weak Reference
    _atexit_init                              - Undefined Weak Reference
    _call_atexit_fns                          - Undefined Weak Reference
    _clock_init                               - Undefined Weak Reference
    _fp_trap_init                             - Undefined Weak Reference
    _fp_trap_shutdown                         - Undefined Weak Reference
    _get_lc_collate                           - Undefined Weak Reference
    _get_lc_ctype                             - Undefined Weak Reference
    _get_lc_monetary                          - Undefined Weak Reference
    _get_lc_numeric                           - Undefined Weak Reference
    _get_lc_time                              - Undefined Weak Reference
    _getenv_init                              - Undefined Weak Reference
    _handle_redirection                       - Undefined Weak Reference
    _init_alloc                               - Undefined Weak Reference
    _init_user_alloc                          - Undefined Weak Reference
    _initio                                   - Undefined Weak Reference
    _mutex_acquire                            - Undefined Weak Reference
    _mutex_release                            - Undefined Weak Reference
    _printf_mbtowc                            - Undefined Weak Reference
    _printf_truncate_signed                   - Undefined Weak Reference
    _printf_truncate_unsigned                 - Undefined Weak Reference
    _rand_init                                - Undefined Weak Reference
    _signal_finish                            - Undefined Weak Reference
    _signal_init                              - Undefined Weak Reference
    _terminate_alloc                          - Undefined Weak Reference
    _terminate_user_alloc                     - Undefined Weak Reference
    _terminateio                              - Undefined Weak Reference
    __Vectors_Size                           0x00000130   Number         0  startup_stm32f10x_hd.o ABSOLUTE
    __Vectors                                0x08000000   Data           4  startup_stm32f10x_hd.o(RESET)
    __Vectors_End                            0x08000130   Data           0  startup_stm32f10x_hd.o(RESET)
    __main                                   0x08000131   Thumb Code     8  __main.o(!!!main)
    __scatterload                            0x08000139   Thumb Code     0  __scatter.o(!!!scatter)
    __scatterload_rt2                        0x08000139   Thumb Code    44  __scatter.o(!!!scatter)
    __scatterload_rt2_thumb_only             0x08000139   Thumb Code     0  __scatter.o(!!!scatter)
    __scatterload_null                       0x08000147   Thumb Code     0  __scatter.o(!!!scatter)
    __scatterload_copy                       0x0800016d   Thumb Code    26  __scatter_copy.o(!!handler_copy)
    __scatterload_zeroinit                   0x08000189   Thumb Code    28  __scatter_zi.o(!!handler_zi)
    _printf_d                                0x080001a5   Thumb Code     0  _printf_d.o(.ARM.Collect$$_printf_percent$$00000009)
    _printf_percent                          0x080001a5   Thumb Code     0  _printf_percent.o(.ARM.Collect$$_printf_percent$$00000000)
    _printf_x                                0x080001ab   Thumb Code     0  _printf_x.o(.ARM.Collect$$_printf_percent$$0000000C)
    _printf_percent_end                      0x080001b1   Thumb Code     0  _printf_percent_end.o(.ARM.Collect$$_printf_percent$$00000017)
    __rt_lib_init                            0x080001b5   Thumb Code     0  libinit.o(.ARM.Collect$$libinit$$00000000)
    __rt_lib_init_alloca_1                   0x080001b7   Thumb Code     0  libinit2.o(.ARM.Collect$$libinit$$0000002E)
    __rt_lib_init_argv_1                     0x080001b7   Thumb Code     0  libinit2.o(.ARM.Collect$$libinit$$0000002C)
    __rt_lib_init_atexit_1                   0x080001b7   Thumb Code     0  libinit2.o(.ARM.Collect$$libinit$$0000001B)
    __rt_lib_init_clock_1                    0x080001b7   Thumb Code     0  libinit2.o(.ARM.Collect$$libinit$$00000021)
    __rt_lib_init_cpp_1                      0x080001b7   Thumb Code     0  libinit2.o(.ARM.Collect$$libinit$$00000032)
    __rt_lib_init_exceptions_1               0x080001b7   Thumb Code     0  libinit2.o(.ARM.Collect$$libinit$$00000030)
    __rt_lib_init_fp_1                       0x080001b7   Thumb Code     0  libinit2.o(.ARM.Collect$$libinit$$00000002)
    __rt_lib_init_fp_trap_1                  0x080001b7   Thumb Code     0  libinit2.o(.ARM.Collect$$libinit$$0000001F)
    __rt_lib_init_getenv_1                   0x080001b7   Thumb Code     0  libinit2.o(.ARM.Collect$$libinit$$00000023)
    __rt_lib_init_heap_1                     0x080001b7   Thumb Code     0  libinit2.o(.ARM.Collect$$libinit$$0000000A)
    __rt_lib_init_lc_collate_1               0x080001b7   Thumb Code     0  libinit2.o(.ARM.Collect$$libinit$$00000011)
    __rt_lib_init_lc_ctype_1                 0x080001b7   Thumb Code     0  libinit2.o(.ARM.Collect$$libinit$$00000013)
    __rt_lib_init_lc_monetary_1              0x080001b7   Thumb Code     0  libinit2.o(.ARM.Collect$$libinit$$00000015)
    __rt_lib_init_lc_numeric_1               0x080001b7   Thumb Code     0  libinit2.o(.ARM.Collect$$libinit$$00000017)
    __rt_lib_init_lc_time_1                  0x080001b7   Thumb Code     0  libinit2.o(.ARM.Collect$$libinit$$00000019)
    __rt_lib_init_preinit_1                  0x080001b7   Thumb Code     0  libinit2.o(.ARM.Collect$$libinit$$00000004)
    __rt_lib_init_rand_1                     0x080001b7   Thumb Code     0  libinit2.o(.ARM.Collect$$libinit$$0000000E)
    __rt_lib_init_return                     0x080001b7   Thumb Code     0  libinit2.o(.ARM.Collect$$libinit$$00000033)
    __rt_lib_init_signal_1                   0x080001b7   Thumb Code     0  libinit2.o(.ARM.Collect$$libinit$$0000001D)
    __rt_lib_init_stdio_1                    0x080001b7   Thumb Code     0  libinit2.o(.ARM.Collect$$libinit$$00000025)
    __rt_lib_init_user_alloc_1               0x080001b7   Thumb Code     0  libinit2.o(.ARM.Collect$$libinit$$0000000C)
    __rt_lib_shutdown                        0x080001b9   Thumb Code     0  libshutdown.o(.ARM.Collect$$libshutdown$$00000000)
    __rt_lib_shutdown_cpp_1                  0x080001bb   Thumb Code     0  libshutdown2.o(.ARM.Collect$$libshutdown$$00000002)
    __rt_lib_shutdown_fp_trap_1              0x080001bb   Thumb Code     0  libshutdown2.o(.ARM.Collect$$libshutdown$$00000007)
    __rt_lib_shutdown_heap_1                 0x080001bb   Thumb Code     0  libshutdown2.o(.ARM.Collect$$libshutdown$$0000000F)
    __rt_lib_shutdown_return                 0x080001bb   Thumb Code     0  libshutdown2.o(.ARM.Collect$$libshutdown$$00000010)
    __rt_lib_shutdown_signal_1               0x080001bb   Thumb Code     0  libshutdown2.o(.ARM.Collect$$libshutdown$$0000000A)
    __rt_lib_shutdown_stdio_1                0x080001bb   Thumb Code     0  libshutdown2.o(.ARM.Collect$$libshutdown$$00000004)
    __rt_lib_shutdown_user_alloc_1           0x080001bb   Thumb Code     0  libshutdown2.o(.ARM.Collect$$libshutdown$$0000000C)
    __rt_entry                               0x080001bd   Thumb Code     0  __rtentry.o(.ARM.Collect$$rtentry$$00000000)
    __rt_entry_presh_1                       0x080001bd   Thumb Code     0  __rtentry2.o(.ARM.Collect$$rtentry$$00000002)
    __rt_entry_sh                            0x080001bd   Thumb Code     0  __rtentry4.o(.ARM.Collect$$rtentry$$00000004)
    __rt_entry_li                            0x080001c3   Thumb Code     0  __rtentry2.o(.ARM.Collect$$rtentry$$0000000A)
    __rt_entry_postsh_1                      0x080001c3   Thumb Code     0  __rtentry2.o(.ARM.Collect$$rtentry$$00000009)
    __rt_entry_main                          0x080001c7   Thumb Code     0  __rtentry2.o(.ARM.Collect$$rtentry$$0000000D)
    __rt_entry_postli_1                      0x080001c7   Thumb Code     0  __rtentry2.o(.ARM.Collect$$rtentry$$0000000C)
    __rt_exit                                0x080001cf   Thumb Code     0  rtexit.o(.ARM.Collect$$rtexit$$00000000)
    __rt_exit_ls                             0x080001d1   Thumb Code     0  rtexit2.o(.ARM.Collect$$rtexit$$00000003)
    __rt_exit_prels_1                        0x080001d1   Thumb Code     0  rtexit2.o(.ARM.Collect$$rtexit$$00000002)
    __rt_exit_exit                           0x080001d5   Thumb Code     0  rtexit2.o(.ARM.Collect$$rtexit$$00000004)
    Reset_Handler                            0x080001dd   Thumb Code     8  startup_stm32f10x_hd.o(.text)
    ADC1_2_IRQHandler                        0x080001f7   Thumb Code     0  startup_stm32f10x_hd.o(.text)
    ADC3_IRQHandler                          0x080001f7   Thumb Code     0  startup_stm32f10x_hd.o(.text)
    CAN1_RX1_IRQHandler                      0x080001f7   Thumb Code     0  startup_stm32f10x_hd.o(.text)
    CAN1_SCE_IRQHandler                      0x080001f7   Thumb Code     0  startup_stm32f10x_hd.o(.text)
    DMA1_Channel1_IRQHandler                 0x080001f7   Thumb Code     0  startup_stm32f10x_hd.o(.text)
    DMA1_Channel2_IRQHandler                 0x080001f7   Thumb Code     0  startup_stm32f10x_hd.o(.text)
    DMA1_Channel3_IRQHandler                 0x080001f7   Thumb Code     0  startup_stm32f10x_hd.o(.text)
    DMA1_Channel4_IRQHandler                 0x080001f7   Thumb Code     0  startup_stm32f10x_hd.o(.text)
    DMA1_Channel5_IRQHandler                 0x080001f7   Thumb Code     0  startup_stm32f10x_hd.o(.text)
    DMA1_Channel6_IRQHandler                 0x080001f7   Thumb Code     0  startup_stm32f10x_hd.o(.text)
    DMA1_Channel7_IRQHandler                 0x080001f7   Thumb Code     0  startup_stm32f10x_hd.o(.text)
    DMA2_Channel1_IRQHandler                 0x080001f7   Thumb Code     0  startup_stm32f10x_hd.o(.text)
    DMA2_Channel2_IRQHandler                 0x080001f7   Thumb Code     0  startup_stm32f10x_hd.o(.text)
    DMA2_Channel3_IRQHandler                 0x080001f7   Thumb Code     0  startup_stm32f10x_hd.o(.text)
    DMA2_Channel4_5_IRQHandler               0x080001f7   Thumb Code     0  startup_stm32f10x_hd.o(.text)
    EXTI0_IRQHandler                         0x080001f7   Thumb Code     0  startup_stm32f10x_hd.o(.text)
    EXTI15_10_IRQHandler                     0x080001f7   Thumb Code     0  startup_stm32f10x_hd.o(.text)
    EXTI1_IRQHandler                         0x080001f7   Thumb Code     0  startup_stm32f10x_hd.o(.text)
    EXTI2_IRQHandler                         0x080001f7   Thumb Code     0  startup_stm32f10x_hd.o(.text)
    EXTI3_IRQHandler                         0x080001f7   Thumb Code     0  startup_stm32f10x_hd.o(.text)
    EXTI4_IRQHandler                         0x080001f7   Thumb Code     0  startup_stm32f10x_hd.o(.text)
    EXTI9_5_IRQHandler                       0x080001f7   Thumb Code     0  startup_stm32f10x_hd.o(.text)
    FLASH_IRQHandler                         0x080001f7   Thumb Code     0  startup_stm32f10x_hd.o(.text)
    FSMC_IRQHandler                          0x080001f7   Thumb Code     0  startup_stm32f10x_hd.o(.text)
    I2C1_ER_IRQHandler                       0x080001f7   Thumb Code     0  startup_stm32f10x_hd.o(.text)
    I2C1_EV_IRQHandler                       0x080001f7   Thumb Code     0  startup_stm32f10x_hd.o(.text)
    I2C2_ER_IRQHandler                       0x080001f7   Thumb Code     0  startup_stm32f10x_hd.o(.text)
    I2C2_EV_IRQHandler                       0x080001f7   Thumb Code     0  startup_stm32f10x_hd.o(.text)
    PVD_IRQHandler                           0x080001f7   Thumb Code     0  startup_stm32f10x_hd.o(.text)
    RCC_IRQHandler                           0x080001f7   Thumb Code     0  startup_stm32f10x_hd.o(.text)
    RTCAlarm_IRQHandler                      0x080001f7   Thumb Code     0  startup_stm32f10x_hd.o(.text)
    RTC_IRQHandler                           0x080001f7   Thumb Code     0  startup_stm32f10x_hd.o(.text)
    SPI1_IRQHandler                          0x080001f7   Thumb Code     0  startup_stm32f10x_hd.o(.text)
    SPI2_IRQHandler                          0x080001f7   Thumb Code     0  startup_stm32f10x_hd.o(.text)
    SPI3_IRQHandler                          0x080001f7   Thumb Code     0  startup_stm32f10x_hd.o(.text)
    TAMPER_IRQHandler                        0x080001f7   Thumb Code     0  startup_stm32f10x_hd.o(.text)
    TIM1_BRK_IRQHandler                      0x080001f7   Thumb Code     0  startup_stm32f10x_hd.o(.text)
    TIM1_CC_IRQHandler                       0x080001f7   Thumb Code     0  startup_stm32f10x_hd.o(.text)
    TIM1_TRG_COM_IRQHandler                  0x080001f7   Thumb Code     0  startup_stm32f10x_hd.o(.text)
    TIM1_UP_IRQHandler                       0x080001f7   Thumb Code     0  startup_stm32f10x_hd.o(.text)
    TIM2_IRQHandler                          0x080001f7   Thumb Code     0  startup_stm32f10x_hd.o(.text)
    TIM4_IRQHandler                          0x080001f7   Thumb Code     0  startup_stm32f10x_hd.o(.text)
    TIM7_IRQHandler                          0x080001f7   Thumb Code     0  startup_stm32f10x_hd.o(.text)
    TIM8_BRK_IRQHandler                      0x080001f7   Thumb Code     0  startup_stm32f10x_hd.o(.text)
    TIM8_CC_IRQHandler                       0x080001f7   Thumb Code     0  startup_stm32f10x_hd.o(.text)
    TIM8_TRG_COM_IRQHandler                  0x080001f7   Thumb Code     0  startup_stm32f10x_hd.o(.text)
    TIM8_UP_IRQHandler                       0x080001f7   Thumb Code     0  startup_stm32f10x_hd.o(.text)
    UART4_IRQHandler                         0x080001f7   Thumb Code     0  startup_stm32f10x_hd.o(.text)
    UART5_IRQHandler                         0x080001f7   Thumb Code     0  startup_stm32f10x_hd.o(.text)
    USART2_IRQHandler                        0x080001f7   Thumb Code     0  startup_stm32f10x_hd.o(.text)
    USART3_IRQHandler                        0x080001f7   Thumb Code     0  startup_stm32f10x_hd.o(.text)
    USBWakeUp_IRQHandler                     0x080001f7   Thumb Code     0  startup_stm32f10x_hd.o(.text)
    USB_HP_CAN1_TX_IRQHandler                0x080001f7   Thumb Code     0  startup_stm32f10x_hd.o(.text)
    USB_LP_CAN1_RX0_IRQHandler               0x080001f7   Thumb Code     0  startup_stm32f10x_hd.o(.text)
    WWDG_IRQHandler                          0x080001f7   Thumb Code     0  startup_stm32f10x_hd.o(.text)
    __user_initial_stackheap                 0x080001f9   Thumb Code     0  startup_stm32f10x_hd.o(.text)
    __use_no_semihosting                     0x0800021d   Thumb Code     2  use_no_semi_2.o(.text)
    __aeabi_ldivmod                          0x0800021f   Thumb Code     0  llsdiv.o(.text)
    _ll_sdiv                                 0x0800021f   Thumb Code    72  llsdiv.o(.text)
    __2printf                                0x08000269   Thumb Code    20  noretval__2printf.o(.text)
    __2sprintf                               0x08000281   Thumb Code    34  noretval__2sprintf.o(.text)
    _printf_pre_padding                      0x080002a9   Thumb Code    44  _printf_pad.o(.text)
    _printf_post_padding                     0x080002d5   Thumb Code    34  _printf_pad.o(.text)
    _printf_int_dec                          0x080002f9   Thumb Code   104  _printf_dec.o(.text)
    _printf_int_hex                          0x08000371   Thumb Code    84  _printf_hex_int.o(.text)
    _printf_longlong_hex                     0x08000371   Thumb Code     0  _printf_hex_int.o(.text)
    __printf                                 0x080003c9   Thumb Code   308  __printf_flags_wp.o(.text)
    __aeabi_memcpy                           0x08000501   Thumb Code     0  rt_memcpy_v6.o(.text)
    __rt_memcpy                              0x08000501   Thumb Code   138  rt_memcpy_v6.o(.text)
    _memcpy_lastbytes                        0x08000567   Thumb Code     0  rt_memcpy_v6.o(.text)
    __use_two_region_memory                  0x0800058b   Thumb Code     2  heapauxi.o(.text)
    __rt_heap_escrow$2region                 0x0800058d   Thumb Code     2  heapauxi.o(.text)
    __rt_heap_expand$2region                 0x0800058f   Thumb Code     2  heapauxi.o(.text)
    __I$use$semihosting                      0x08000591   Thumb Code     0  use_no_semi.o(.text)
    __use_no_semihosting_swi                 0x08000591   Thumb Code     2  use_no_semi.o(.text)
    __aeabi_uldivmod                         0x08000593   Thumb Code     0  lludivv7m.o(.text)
    _ll_udiv                                 0x08000593   Thumb Code   238  lludivv7m.o(.text)
    _printf_int_common                       0x08000681   Thumb Code   178  _printf_intcommon.o(.text)
    _printf_char_common                      0x0800073f   Thumb Code    32  _printf_char_common.o(.text)
    _sputc                                   0x08000765   Thumb Code    10  _sputc.o(.text)
    _printf_char_file                        0x08000771   Thumb Code    32  _printf_char_file.o(.text)
    __aeabi_memcpy4                          0x08000795   Thumb Code     0  rt_memcpy_w.o(.text)
    __aeabi_memcpy8                          0x08000795   Thumb Code     0  rt_memcpy_w.o(.text)
    __rt_memcpy_w                            0x08000795   Thumb Code   100  rt_memcpy_w.o(.text)
    _memcpy_lastbytes_aligned                0x080007dd   Thumb Code     0  rt_memcpy_w.o(.text)
    ferror                                   0x080007f9   Thumb Code     8  ferror.o(.text)
    __user_libspace                          0x08000801   Thumb Code     8  libspace.o(.text)
    __user_perproc_libspace                  0x08000801   Thumb Code     0  libspace.o(.text)
    __user_perthread_libspace                0x08000801   Thumb Code     0  libspace.o(.text)
    __user_setup_stackheap                   0x08000809   Thumb Code    74  sys_stackheap_outer.o(.text)
    exit                                     0x08000853   Thumb Code    18  exit.o(.text)
    Binary                                   0x08000865   Thumb Code    66  pichandle.o(i.Binary)
    BusFault_Handler                         0x080008ad   Thumb Code     2  stm32f10x_it.o(i.BusFault_Handler)
    CLK_init_ON                              0x080008b1   Thumb Code    46  ov7670.o(i.CLK_init_ON)
    CmdError                                 0x080008e5   Thumb Code    42  sdio_sdcard.o(i.CmdError)
    CmdResp1Error                            0x08000911   Thumb Code    74  sdio_sdcard.o(i.CmdResp1Error)
    CmdResp2Error                            0x08000961   Thumb Code    66  sdio_sdcard.o(i.CmdResp2Error)
    CmdResp3Error                            0x080009a9   Thumb Code    42  sdio_sdcard.o(i.CmdResp3Error)
    CmdResp6Error                            0x080009d9   Thumb Code   114  sdio_sdcard.o(i.CmdResp6Error)
    CmdResp7Error                            0x08000a51   Thumb Code    54  sdio_sdcard.o(i.CmdResp7Error)
    DMA_Cmd                                  0x08000a8d   Thumb Code    22  stm32f10x_dma.o(i.DMA_Cmd)
    DMA_DeInit                               0x08000aa5   Thumb Code   218  stm32f10x_dma.o(i.DMA_DeInit)
    DMA_Init                                 0x08000b89   Thumb Code    58  stm32f10x_dma.o(i.DMA_Init)
    DebugMon_Handler                         0x08000bc3   Thumb Code     2  stm32f10x_it.o(i.DebugMon_Handler)
    FSMC_NORSRAMCmd                          0x08000bc5   Thumb Code    26  stm32f10x_fsmc.o(i.FSMC_NORSRAMCmd)
    FSMC_NORSRAMInit                         0x08000be5   Thumb Code   200  stm32f10x_fsmc.o(i.FSMC_NORSRAMInit)
    FindSCR                                  0x08000cad   Thumb Code   300  sdio_sdcard.o(i.FindSCR)
    GPIO_Init                                0x08000de5   Thumb Code   156  stm32f10x_gpio.o(i.GPIO_Init)
    GPIO_PinRemapConfig                      0x08000e81   Thumb Code    82  stm32f10x_gpio.o(i.GPIO_PinRemapConfig)
    GPIO_ReadInputDataBit                    0x08000ed9   Thumb Code    14  stm32f10x_gpio.o(i.GPIO_ReadInputDataBit)
    GPIO_ResetBits                           0x08000ee7   Thumb Code     4  stm32f10x_gpio.o(i.GPIO_ResetBits)
    GPIO_SetBits                             0x08000eeb   Thumb Code     4  stm32f10x_gpio.o(i.GPIO_SetBits)
    GRB2GRey                                 0x08000ef1   Thumb Code    56  pichandle.o(i.GRB2GRey)
    HardFault_Handler                        0x08000f2d   Thumb Code     2  stm32f10x_it.o(i.HardFault_Handler)
    INTX_DISABLE                             0x08000f2f   Thumb Code     4  sys.o(i.INTX_DISABLE)
    INTX_ENABLE                              0x08000f33   Thumb Code     4  sys.o(i.INTX_ENABLE)
    IsCardProgramming                        0x08000f39   Thumb Code   126  sdio_sdcard.o(i.IsCardProgramming)
    KEY_Init                                 0x08000fc5   Thumb Code    52  key.o(i.KEY_Init)
    KEY_Scan                                 0x08001001   Thumb Code   154  key.o(i.KEY_Scan)
    LCD_BGR2RGB                              0x080010a9   Thumb Code    18  lcd.o(i.LCD_BGR2RGB)
    LCD_Clear                                0x080010bd   Thumb Code   100  lcd.o(i.LCD_Clear)
    LCD_Display_Dir                          0x08001129   Thumb Code   304  lcd.o(i.LCD_Display_Dir)
    LCD_Init                                 0x0800125d   Thumb Code 11816  lcd.o(i.LCD_Init)
    LCD_RD_DATA                              0x08004089   Thumb Code    16  lcd.o(i.LCD_RD_DATA)
    LCD_ReadPoint                            0x0800409d   Thumb Code   260  lcd.o(i.LCD_ReadPoint)
    LCD_ReadReg                              0x080041a9   Thumb Code    20  lcd.o(i.LCD_ReadReg)
    LCD_SSD_BackLightSet                     0x080041c1   Thumb Code    50  lcd.o(i.LCD_SSD_BackLightSet)
    LCD_Scan_Dir                             0x080041fd   Thumb Code   414  lcd.o(i.LCD_Scan_Dir)
    LCD_SetCursor                            0x080043a5   Thumb Code   320  lcd.o(i.LCD_SetCursor)
    LCD_WriteRAM_Prepare                     0x080044ed   Thumb Code    10  lcd.o(i.LCD_WriteRAM_Prepare)
    LCD_WriteReg                             0x08004501   Thumb Code    10  lcd.o(i.LCD_WriteReg)
    LED_Init                                 0x08004511   Thumb Code    70  led.o(i.LED_Init)
    MemManage_Handler                        0x08004561   Thumb Code     2  stm32f10x_it.o(i.MemManage_Handler)
    NMI_Handler                              0x08004563   Thumb Code     2  stm32f10x_it.o(i.NMI_Handler)
    NVIC_Init                                0x08004565   Thumb Code    94  misc.o(i.NVIC_Init)
    NVIC_PriorityGroupConfig                 0x080045c9   Thumb Code    10  misc.o(i.NVIC_PriorityGroupConfig)
    OV7670_Init                              0x080045dd   Thumb Code   290  ov7670.o(i.OV7670_Init)
    OV7670_Window_Set                        0x0800471d   Thumb Code   110  ov7670.o(i.OV7670_Window_Set)
    PendSV_Handler                           0x0800478b   Thumb Code     2  stm32f10x_it.o(i.PendSV_Handler)
    RCC_AHBPeriphClockCmd                    0x0800478d   Thumb Code    18  stm32f10x_rcc.o(i.RCC_AHBPeriphClockCmd)
    RCC_APB1PeriphClockCmd                   0x080047a5   Thumb Code    18  stm32f10x_rcc.o(i.RCC_APB1PeriphClockCmd)
    RCC_APB2PeriphClockCmd                   0x080047bd   Thumb Code    18  stm32f10x_rcc.o(i.RCC_APB2PeriphClockCmd)
    RCC_GetClocksFreq                        0x080047d5   Thumb Code   132  stm32f10x_rcc.o(i.RCC_GetClocksFreq)
    RCC_MCOConfig                            0x08004869   Thumb Code     6  stm32f10x_rcc.o(i.RCC_MCOConfig)
    SCCB_Init                                0x08004875   Thumb Code    98  sccb.o(i.SCCB_Init)
    SCCB_No_Ack                              0x080048e1   Thumb Code    58  sccb.o(i.SCCB_No_Ack)
    SCCB_RD_Byte                             0x08004925   Thumb Code   102  sccb.o(i.SCCB_RD_Byte)
    SCCB_RD_Reg                              0x08004999   Thumb Code    76  sccb.o(i.SCCB_RD_Reg)
    SCCB_Start                               0x080049e5   Thumb Code    44  sccb.o(i.SCCB_Start)
    SCCB_Stop                                0x08004a19   Thumb Code    46  sccb.o(i.SCCB_Stop)
    SCCB_WR_Byte                             0x08004a51   Thumb Code   130  sccb.o(i.SCCB_WR_Byte)
    SCCB_WR_Reg                              0x08004ae1   Thumb Code    62  sccb.o(i.SCCB_WR_Reg)
    SDEnWideBus                              0x08004b21   Thumb Code   126  sdio_sdcard.o(i.SDEnWideBus)
    SDIO_ClearFlag                           0x08004bad   Thumb Code     6  stm32f10x_sdio.o(i.SDIO_ClearFlag)
    SDIO_ClockCmd                            0x08004bb9   Thumb Code     8  stm32f10x_sdio.o(i.SDIO_ClockCmd)
    SDIO_Clock_Set                           0x08004bc5   Thumb Code    14  sdio_sdcard.o(i.SDIO_Clock_Set)
    SDIO_DMACmd                              0x08004bd9   Thumb Code     6  stm32f10x_sdio.o(i.SDIO_DMACmd)
    SDIO_DataConfig                          0x08004be5   Thumb Code    38  stm32f10x_sdio.o(i.SDIO_DataConfig)
    SDIO_DeInit                              0x08004c11   Thumb Code    26  stm32f10x_sdio.o(i.SDIO_DeInit)
    SDIO_GetFlagStatus                       0x08004c35   Thumb Code    16  stm32f10x_sdio.o(i.SDIO_GetFlagStatus)
    SDIO_GetPowerState                       0x08004c49   Thumb Code    10  stm32f10x_sdio.o(i.SDIO_GetPowerState)
    SDIO_IRQHandler                          0x08004c59   Thumb Code     4  sdio_sdcard.o(i.SDIO_IRQHandler)
    SDIO_Init                                0x08004c5d   Thumb Code    40  stm32f10x_sdio.o(i.SDIO_Init)
    SDIO_ReadData                            0x08004c89   Thumb Code     8  stm32f10x_sdio.o(i.SDIO_ReadData)
    SDIO_SendCommand                         0x08004c95   Thumb Code    34  stm32f10x_sdio.o(i.SDIO_SendCommand)
    SDIO_SetPowerState                       0x08004cbd   Thumb Code    18  stm32f10x_sdio.o(i.SDIO_SetPowerState)
    SDIO_WriteData                           0x08004cd5   Thumb Code     8  stm32f10x_sdio.o(i.SDIO_WriteData)
    SD_DMA_Config                            0x08004ce1   Thumb Code    88  sdio_sdcard.o(i.SD_DMA_Config)
    SD_EnableWideBusOperation                0x08004d41   Thumb Code    68  sdio_sdcard.o(i.SD_EnableWideBusOperation)
    SD_GetCardInfo                           0x08004d8d   Thumb Code   526  sdio_sdcard.o(i.SD_GetCardInfo)
    SD_Init                                  0x08004fa5   Thumb Code   206  sdio_sdcard.o(i.SD_Init)
    SD_InitializeCards                       0x08005085   Thumb Code   262  sdio_sdcard.o(i.SD_InitializeCards)
    SD_PowerON                               0x08005199   Thumb Code   390  sdio_sdcard.o(i.SD_PowerON)
    SD_ProcessIRQSrc                         0x08005335   Thumb Code   220  sdio_sdcard.o(i.SD_ProcessIRQSrc)
    SD_ReadBlock                             0x0800541d   Thumb Code   482  sdio_sdcard.o(i.SD_ReadBlock)
    SD_ReadDisk                              0x08005615   Thumb Code   114  sdio_sdcard.o(i.SD_ReadDisk)
    SD_ReadMultiBlocks                       0x0800568d   Thumb Code   586  sdio_sdcard.o(i.SD_ReadMultiBlocks)
    SD_SelectDeselect                        0x080058ed   Thumb Code    40  sdio_sdcard.o(i.SD_SelectDeselect)
    SD_SetDeviceMode                         0x08005919   Thumb Code    20  sdio_sdcard.o(i.SD_SetDeviceMode)
    SD_WriteBlock                            0x08005931   Thumb Code   698  sdio_sdcard.o(i.SD_WriteBlock)
    SD_WriteDisk                             0x08005bfd   Thumb Code   108  sdio_sdcard.o(i.SD_WriteDisk)
    SD_WriteMultiBlocks                      0x08005c6d   Thumb Code   722  sdio_sdcard.o(i.SD_WriteMultiBlocks)
    SPI2_Init                                0x08005f51   Thumb Code   138  spi.o(i.SPI2_Init)
    SPI2_ReadWriteByte                       0x08005fe5   Thumb Code    76  spi.o(i.SPI2_ReadWriteByte)
    SPI2_SetSpeed                            0x08006035   Thumb Code    24  spi.o(i.SPI2_SetSpeed)
    SPI_Cmd                                  0x08006051   Thumb Code    20  stm32f10x_spi.o(i.SPI_Cmd)
    SPI_I2S_GetFlagStatus                    0x08006065   Thumb Code    14  stm32f10x_spi.o(i.SPI_I2S_GetFlagStatus)
    SPI_I2S_ReceiveData                      0x08006073   Thumb Code     4  stm32f10x_spi.o(i.SPI_I2S_ReceiveData)
    SPI_I2S_SendData                         0x08006077   Thumb Code     4  stm32f10x_spi.o(i.SPI_I2S_SendData)
    SPI_Init                                 0x0800607b   Thumb Code    56  stm32f10x_spi.o(i.SPI_Init)
    SVC_Handler                              0x080060b3   Thumb Code     2  stm32f10x_it.o(i.SVC_Handler)
    SysTick_CLKSourceConfig                  0x0800615d   Thumb Code    24  misc.o(i.SysTick_CLKSourceConfig)
    SysTick_Handler                          0x08006175   Thumb Code     2  stm32f10x_it.o(i.SysTick_Handler)
    SystemInit                               0x08006179   Thumb Code    64  system_stm32f10x.o(i.SystemInit)
    TIM3_IRQHandler                          0x080061c9   Thumb Code    44  timer.o(i.TIM3_IRQHandler)
    TIM5_IRQHandler                          0x080061fd   Thumb Code   128  timer.o(i.TIM5_IRQHandler)
    TIM6_IRQHandler                          0x08006285   Thumb Code    40  timer.o(i.TIM6_IRQHandler)
    TIM_ClearITPendingBit                    0x080062c5   Thumb Code     6  stm32f10x_tim.o(i.TIM_ClearITPendingBit)
    TIM_GetCapture1                          0x080062cb   Thumb Code     4  stm32f10x_tim.o(i.TIM_GetCapture1)
    TIM_GetITStatus                          0x080062cf   Thumb Code    24  stm32f10x_tim.o(i.TIM_GetITStatus)
    TIM_OC1PolarityConfig                    0x080062e7   Thumb Code    12  stm32f10x_tim.o(i.TIM_OC1PolarityConfig)
    TIM_SetCounter                           0x080062f3   Thumb Code     4  stm32f10x_tim.o(i.TIM_SetCounter)
    USART1_IRQHandler                        0x080062f9   Thumb Code    88  usart.o(i.USART1_IRQHandler)
    USART_Cmd                                0x0800635d   Thumb Code    20  stm32f10x_usart.o(i.USART_Cmd)
    USART_GetITStatus                        0x08006371   Thumb Code    62  stm32f10x_usart.o(i.USART_GetITStatus)
    USART_ITConfig                           0x080063af   Thumb Code    48  stm32f10x_usart.o(i.USART_ITConfig)
    USART_Init                               0x080063e1   Thumb Code   166  stm32f10x_usart.o(i.USART_Init)
    USART_ReceiveData                        0x0800648d   Thumb Code     8  stm32f10x_usart.o(i.USART_ReceiveData)
    UsageFault_Handler                       0x08006495   Thumb Code     2  stm32f10x_it.o(i.UsageFault_Handler)
    W25QXX_Erase_Sector                      0x08006499   Thumb Code    74  w25qxx.o(i.W25QXX_Erase_Sector)
    W25QXX_Init                              0x080064f1   Thumb Code    76  w25qxx.o(i.W25QXX_Init)
    W25QXX_Read                              0x08006549   Thumb Code    76  w25qxx.o(i.W25QXX_Read)
    W25QXX_ReadID                            0x08006599   Thumb Code    62  w25qxx.o(i.W25QXX_ReadID)
    W25QXX_ReadSR                            0x080065dd   Thumb Code    32  w25qxx.o(i.W25QXX_ReadSR)
    W25QXX_Wait_Busy                         0x08006601   Thumb Code    12  w25qxx.o(i.W25QXX_Wait_Busy)
    W25QXX_Write                             0x0800660d   Thumb Code   150  w25qxx.o(i.W25QXX_Write)
    W25QXX_Write_Enable                      0x080066a9   Thumb Code    26  w25qxx.o(i.W25QXX_Write_Enable)
    W25QXX_Write_NoCheck                     0x080066c9   Thumb Code    62  w25qxx.o(i.W25QXX_Write_NoCheck)
    W25QXX_Write_Page                        0x08006709   Thumb Code    82  w25qxx.o(i.W25QXX_Write_Page)
    _is_digit                                0x08006761   Thumb Code    14  __printf_wp.o(i._is_digit)
    _sys_exit                                0x0800676f   Thumb Code     2  usart.o(i._sys_exit)
    bmp_encode                               0x08006771   Thumb Code   424  bmp.o(i.bmp_encode)
    camera_new_pathname                      0x08006941   Thumb Code    50  main.o(i.camera_new_pathname)
    clust2sect                               0x08006a1d   Thumb Code    24  ff.o(i.clust2sect)
    convert_from_bytes_to_power_of_two       0x08006a35   Thumb Code    18  sdio_sdcard.o(i.convert_from_bytes_to_power_of_two)
    delay_init                               0x08006cfd   Thumb Code    46  delay.o(i.delay_init)
    delay_ms                                 0x08006d39   Thumb Code    46  delay.o(i.delay_ms)
    delay_us                                 0x08006d6d   Thumb Code    46  delay.o(i.delay_us)
    dir_sdi                                  0x0800715d   Thumb Code   124  ff.o(i.dir_sdi)
    disk_initialize                          0x080071d9   Thumb Code    36  diskio.o(i.disk_initialize)
    disk_ioctl                               0x08007201   Thumb Code   106  diskio.o(i.disk_ioctl)
    disk_read                                0x08007275   Thumb Code    76  diskio.o(i.disk_read)
    disk_status                              0x080072c1   Thumb Code     4  diskio.o(i.disk_status)
    disk_write                               0x080072c5   Thumb Code    76  diskio.o(i.disk_write)
    exfuns_init                              0x08007311   Thumb Code    94  exfuns.o(i.exfuns_init)
    f_close                                  0x08007375   Thumb Code    28  ff.o(i.f_close)
    f_mkdir                                  0x08007391   Thumb Code   384  ff.o(i.f_mkdir)
    f_mount                                  0x08007511   Thumb Code    72  ff.o(i.f_mount)
    f_open                                   0x0800755d   Thumb Code   344  ff.o(i.f_open)
    f_sync                                   0x080076b5   Thumb Code   152  ff.o(i.f_sync)
    f_write                                  0x0800774d   Thumb Code   384  ff.o(i.f_write)
    ff_convert                               0x080078cd   Thumb Code   106  mycc936.o(i.ff_convert)
    ff_memalloc                              0x0800793d   Thumb Code     8  diskio.o(i.ff_memalloc)
    ff_memfree                               0x08007945   Thumb Code     8  diskio.o(i.ff_memfree)
    ff_wtoupper                              0x0800794d   Thumb Code    28  mycc936.o(i.ff_wtoupper)
    fputc                                    0x08007c11   Thumb Code    18  usart.o(i.fputc)
    get_fat                                  0x08007cb5   Thumb Code   190  ff.o(i.get_fat)
    get_fattime                              0x08007d73   Thumb Code     4  diskio.o(i.get_fattime)
    main                                     0x08007dc5   Thumb Code   434  main.o(i.main)
    my_mem_free                              0x08008005   Thumb Code    78  malloc.o(i.my_mem_free)
    my_mem_init                              0x0800805d   Thumb Code    50  malloc.o(i.my_mem_init)
    my_mem_malloc                            0x08008099   Thumb Code   130  malloc.o(i.my_mem_malloc)
    my_mem_perused                           0x08008125   Thumb Code    48  malloc.o(i.my_mem_perused)
    myfree                                   0x0800815d   Thumb Code    20  malloc.o(i.myfree)
    mymalloc                                 0x08008175   Thumb Code    28  malloc.o(i.mymalloc)
    mymemset                                 0x08008195   Thumb Code    12  malloc.o(i.mymemset)
    pic_memalloc                             0x080081a1   Thumb Code     8  piclib.o(i.pic_memalloc)
    pic_memfree                              0x080081a9   Thumb Code     8  piclib.o(i.pic_memfree)
    put_fat                                  0x080081b1   Thumb Code   244  ff.o(i.put_fat)
    uart_init                                0x08008435   Thumb Code   152  usart.o(i.uart_init)
    __aeabi_d2uiz                            0x080084fd   Thumb Code     0  dfixu.o(x$fpl$dfixu)
    _dfixu                                   0x080084fd   Thumb Code    90  dfixu.o(x$fpl$dfixu)
    __aeabi_ui2d                             0x08008557   Thumb Code     0  dflt_clz.o(x$fpl$dfltu)
    _dfltu                                   0x08008557   Thumb Code    38  dflt_clz.o(x$fpl$dfltu)
    __aeabi_dmul                             0x0800857d   Thumb Code     0  dmul.o(x$fpl$dmul)
    _dmul                                    0x0800857d   Thumb Code   332  dmul.o(x$fpl$dmul)
    __fpl_dnaninf                            0x080086d1   Thumb Code   156  dnaninf.o(x$fpl$dnaninf)
    __fpl_dretinf                            0x0800876d   Thumb Code    12  dretinf.o(x$fpl$dretinf)
    __I$use$fp                               0x08008778   Number         0  usenofp.o(x$fpl$usenofp)
    ov7670_init_reg_tbl                      0x08008778   Data         342  ov7670.o(.constdata)
    memtblsize                               0x080088d0   Data           8  malloc.o(.constdata)
    memblksize                               0x080088d8   Data           8  malloc.o(.constdata)
    memsize                                  0x080088e0   Data           8  malloc.o(.constdata)
    Region$$Table$$Base                      0x08008d1c   Number         0  anon$$obj.o(Region$$Table)
    Region$$Table$$Limit                     0x08008d3c   Number         0  anon$$obj.o(Region$$Table)
    SystemCoreClock                          0x20000000   Data           4  system_stm32f10x.o(.data)
    AHBPrescTable                            0x20000004   Data          16  system_stm32f10x.o(.data)
    POINT_COLOR                              0x20000016   Data           2  lcd.o(.data)
    BACK_COLOR                               0x20000018   Data           2  lcd.o(.data)
    W25QXX_TYPE                              0x2000001a   Data           2  w25qxx.o(.data)
    TransferError                            0x2000001f   Data           1  sdio_sdcard.o(.data)
    TransferEnd                              0x20000020   Data           1  sdio_sdcard.o(.data)
    tempbuff                                 0x20000028   Data           4  sdio_sdcard.o(.data)
    TIM5CH1_CAPTURE_STA                      0x2000002c   Data           1  timer.o(.data)
    ov_frame                                 0x2000002d   Data           1  timer.o(.data)
    TIM5CH1_CAPTURE_VAL                      0x2000002e   Data           2  timer.o(.data)
    MaxRed                                   0x20000034   Data           4  pichandle.o(.data)
    Red_X                                    0x20000038   Data           4  pichandle.o(.data)
    Red_Y                                    0x2000003c   Data           4  pichandle.o(.data)
    PixelNums                                0x20000040   Data           4  pichandle.o(.data)
    Final_Dis                                0x20000044   Data           4  pichandle.o(.data)
    USART_RX_STA                             0x2000004c   Data           2  usart.o(.data)
    __stdout                                 0x20000050   Data           4  usart.o(.data)
    mallco_dev                               0x20000068   Data          28  malloc.o(.data)
    FLASH_SECTOR_COUNT                       0x20000084   Data           2  diskio.o(.data)
    file                                     0x20000094   Data           4  exfuns.o(.data)
    ftemp                                    0x20000098   Data           4  exfuns.o(.data)
    fatbuf                                   0x2000009c   Data           4  exfuns.o(.data)
    fs                                       0x200000a0   Data           8  exfuns.o(.data)
    bw                                       0x200000a8   Data           4  exfuns.o(.data)
    Row                                      0x200000ac   Data         640  main.o(.bss)
    lcddev                                   0x2000032c   Data          14  lcd.o(.bss)
    W25QXX_BUFFER                            0x2000033a   Data        4096  w25qxx.o(.bss)
    SDIO_InitStructure                       0x20001340   Data          24  sdio_sdcard.o(.bss)
    SDIO_CmdInitStructure                    0x20001358   Data          20  sdio_sdcard.o(.bss)
    SDIO_DataInitStructure                   0x2000136c   Data          24  sdio_sdcard.o(.bss)
    SDCardInfo                               0x200013a8   Data          88  sdio_sdcard.o(.bss)
    SDIO_DATA_BUFFER                         0x20001400   Data         512  sdio_sdcard.o(.bss)
    USART_RX_BUF                             0x20001600   Data         200  usart.o(.bss)
    mem1base                                 0x200016e0   Data       40960  malloc.o(.bss)
    mem1mapbase                              0x2000b6e0   Data        2560  malloc.o(.bss)
    ftinfo                                   0x2000c0e0   Data          33  fontupd.o(.bss)
    __libspace_start                         0x2000c104   Data          96  libspace.o(.bss)
    __temporary_stack_top$libspace           0x2000c164   Data           0  libspace.o(.bss)
    mem2base                                 0x68000000   Data          32  malloc.o(.ARM.__AT_0x68000000)
    mem2mapbase                              0x68000020   Data           2  malloc.o(.ARM.__AT_0x68000020)



==============================================================================

Memory Map of the image

  Image Entry point : 0x08000131

  Load Region LR_IROM1 (Base: 0x08000000, Size: 0x00008de8, Max: 0x00080000, ABSOLUTE)

    Execution Region ER_IROM1 (Exec base: 0x08000000, Load base: 0x08000000, Size: 0x00008d3c, Max: 0x00080000, ABSOLUTE)

    Exec Addr    Load Addr    Size         Type   Attr      Idx    E Section Name        Object

    0x08000000   0x08000000   0x00000130   Data   RO         1291    RESET               startup_stm32f10x_hd.o
    0x08000130   0x08000130   0x00000008   Code   RO         4059  * !!!main             c_w.l(__main.o)
    0x08000138   0x08000138   0x00000034   Code   RO         4374    !!!scatter          c_w.l(__scatter.o)
    0x0800016c   0x0800016c   0x0000001a   Code   RO         4376    !!handler_copy      c_w.l(__scatter_copy.o)
    0x08000186   0x08000186   0x00000002   PAD
    0x08000188   0x08000188   0x0000001c   Code   RO         4378    !!handler_zi        c_w.l(__scatter_zi.o)
    0x080001a4   0x080001a4   0x00000000   Code   RO         4046    .ARM.Collect$$_printf_percent$$00000000  c_w.l(_printf_percent.o)
    0x080001a4   0x080001a4   0x00000006   Code   RO         4045    .ARM.Collect$$_printf_percent$$00000009  c_w.l(_printf_d.o)
    0x080001aa   0x080001aa   0x00000006   Code   RO         4044    .ARM.Collect$$_printf_percent$$0000000C  c_w.l(_printf_x.o)
    0x080001b0   0x080001b0   0x00000004   Code   RO         4146    .ARM.Collect$$_printf_percent$$00000017  c_w.l(_printf_percent_end.o)
    0x080001b4   0x080001b4   0x00000002   Code   RO         4243    .ARM.Collect$$libinit$$00000000  c_w.l(libinit.o)
    0x080001b6   0x080001b6   0x00000000   Code   RO         4255    .ARM.Collect$$libinit$$00000002  c_w.l(libinit2.o)
    0x080001b6   0x080001b6   0x00000000   Code   RO         4257    .ARM.Collect$$libinit$$00000004  c_w.l(libinit2.o)
    0x080001b6   0x080001b6   0x00000000   Code   RO         4260    .ARM.Collect$$libinit$$0000000A  c_w.l(libinit2.o)
    0x080001b6   0x080001b6   0x00000000   Code   RO         4262    .ARM.Collect$$libinit$$0000000C  c_w.l(libinit2.o)
    0x080001b6   0x080001b6   0x00000000   Code   RO         4264    .ARM.Collect$$libinit$$0000000E  c_w.l(libinit2.o)
    0x080001b6   0x080001b6   0x00000000   Code   RO         4267    .ARM.Collect$$libinit$$00000011  c_w.l(libinit2.o)
    0x080001b6   0x080001b6   0x00000000   Code   RO         4269    .ARM.Collect$$libinit$$00000013  c_w.l(libinit2.o)
    0x080001b6   0x080001b6   0x00000000   Code   RO         4271    .ARM.Collect$$libinit$$00000015  c_w.l(libinit2.o)
    0x080001b6   0x080001b6   0x00000000   Code   RO         4273    .ARM.Collect$$libinit$$00000017  c_w.l(libinit2.o)
    0x080001b6   0x080001b6   0x00000000   Code   RO         4275    .ARM.Collect$$libinit$$00000019  c_w.l(libinit2.o)
    0x080001b6   0x080001b6   0x00000000   Code   RO         4277    .ARM.Collect$$libinit$$0000001B  c_w.l(libinit2.o)
    0x080001b6   0x080001b6   0x00000000   Code   RO         4279    .ARM.Collect$$libinit$$0000001D  c_w.l(libinit2.o)
    0x080001b6   0x080001b6   0x00000000   Code   RO         4281    .ARM.Collect$$libinit$$0000001F  c_w.l(libinit2.o)
    0x080001b6   0x080001b6   0x00000000   Code   RO         4283    .ARM.Collect$$libinit$$00000021  c_w.l(libinit2.o)
    0x080001b6   0x080001b6   0x00000000   Code   RO         4285    .ARM.Collect$$libinit$$00000023  c_w.l(libinit2.o)
    0x080001b6   0x080001b6   0x00000000   Code   RO         4287    .ARM.Collect$$libinit$$00000025  c_w.l(libinit2.o)
    0x080001b6   0x080001b6   0x00000000   Code   RO         4291    .ARM.Collect$$libinit$$0000002C  c_w.l(libinit2.o)
    0x080001b6   0x080001b6   0x00000000   Code   RO         4293    .ARM.Collect$$libinit$$0000002E  c_w.l(libinit2.o)
    0x080001b6   0x080001b6   0x00000000   Code   RO         4295    .ARM.Collect$$libinit$$00000030  c_w.l(libinit2.o)
    0x080001b6   0x080001b6   0x00000000   Code   RO         4297    .ARM.Collect$$libinit$$00000032  c_w.l(libinit2.o)
    0x080001b6   0x080001b6   0x00000002   Code   RO         4298    .ARM.Collect$$libinit$$00000033  c_w.l(libinit2.o)
    0x080001b8   0x080001b8   0x00000002   Code   RO         4326    .ARM.Collect$$libshutdown$$00000000  c_w.l(libshutdown.o)
    0x080001ba   0x080001ba   0x00000000   Code   RO         4340    .ARM.Collect$$libshutdown$$00000002  c_w.l(libshutdown2.o)
    0x080001ba   0x080001ba   0x00000000   Code   RO         4342    .ARM.Collect$$libshutdown$$00000004  c_w.l(libshutdown2.o)
    0x080001ba   0x080001ba   0x00000000   Code   RO         4345    .ARM.Collect$$libshutdown$$00000007  c_w.l(libshutdown2.o)
    0x080001ba   0x080001ba   0x00000000   Code   RO         4348    .ARM.Collect$$libshutdown$$0000000A  c_w.l(libshutdown2.o)
    0x080001ba   0x080001ba   0x00000000   Code   RO         4350    .ARM.Collect$$libshutdown$$0000000C  c_w.l(libshutdown2.o)
    0x080001ba   0x080001ba   0x00000000   Code   RO         4353    .ARM.Collect$$libshutdown$$0000000F  c_w.l(libshutdown2.o)
    0x080001ba   0x080001ba   0x00000002   Code   RO         4354    .ARM.Collect$$libshutdown$$00000010  c_w.l(libshutdown2.o)
    0x080001bc   0x080001bc   0x00000000   Code   RO         4131    .ARM.Collect$$rtentry$$00000000  c_w.l(__rtentry.o)
    0x080001bc   0x080001bc   0x00000000   Code   RO         4188    .ARM.Collect$$rtentry$$00000002  c_w.l(__rtentry2.o)
    0x080001bc   0x080001bc   0x00000006   Code   RO         4200    .ARM.Collect$$rtentry$$00000004  c_w.l(__rtentry4.o)
    0x080001c2   0x080001c2   0x00000000   Code   RO         4190    .ARM.Collect$$rtentry$$00000009  c_w.l(__rtentry2.o)
    0x080001c2   0x080001c2   0x00000004   Code   RO         4191    .ARM.Collect$$rtentry$$0000000A  c_w.l(__rtentry2.o)
    0x080001c6   0x080001c6   0x00000000   Code   RO         4193    .ARM.Collect$$rtentry$$0000000C  c_w.l(__rtentry2.o)
    0x080001c6   0x080001c6   0x00000008   Code   RO         4194    .ARM.Collect$$rtentry$$0000000D  c_w.l(__rtentry2.o)
    0x080001ce   0x080001ce   0x00000002   Code   RO         4248    .ARM.Collect$$rtexit$$00000000  c_w.l(rtexit.o)
    0x080001d0   0x080001d0   0x00000000   Code   RO         4300    .ARM.Collect$$rtexit$$00000002  c_w.l(rtexit2.o)
    0x080001d0   0x080001d0   0x00000004   Code   RO         4301    .ARM.Collect$$rtexit$$00000003  c_w.l(rtexit2.o)
    0x080001d4   0x080001d4   0x00000006   Code   RO         4302    .ARM.Collect$$rtexit$$00000004  c_w.l(rtexit2.o)
    0x080001da   0x080001da   0x00000002   PAD
    0x080001dc   0x080001dc   0x00000040   Code   RO         1292    .text               startup_stm32f10x_hd.o
    0x0800021c   0x0800021c   0x00000002   Code   RO         3981    .text               c_w.l(use_no_semi_2.o)
    0x0800021e   0x0800021e   0x00000048   Code   RO         3983    .text               c_w.l(llsdiv.o)
    0x08000266   0x08000266   0x00000002   PAD
    0x08000268   0x08000268   0x00000018   Code   RO         3989    .text               c_w.l(noretval__2printf.o)
    0x08000280   0x08000280   0x00000028   Code   RO         3991    .text               c_w.l(noretval__2sprintf.o)
    0x080002a8   0x080002a8   0x0000004e   Code   RO         3995    .text               c_w.l(_printf_pad.o)
    0x080002f6   0x080002f6   0x00000002   PAD
    0x080002f8   0x080002f8   0x00000078   Code   RO         3999    .text               c_w.l(_printf_dec.o)
    0x08000370   0x08000370   0x00000058   Code   RO         4004    .text               c_w.l(_printf_hex_int.o)
    0x080003c8   0x080003c8   0x00000138   Code   RO         4034    .text               c_w.l(__printf_flags_wp.o)
    0x08000500   0x08000500   0x0000008a   Code   RO         4053    .text               c_w.l(rt_memcpy_v6.o)
    0x0800058a   0x0800058a   0x00000006   Code   RO         4057    .text               c_w.l(heapauxi.o)
    0x08000590   0x08000590   0x00000002   Code   RO         4129    .text               c_w.l(use_no_semi.o)
    0x08000592   0x08000592   0x000000ee   Code   RO         4132    .text               c_w.l(lludivv7m.o)
    0x08000680   0x08000680   0x000000b2   Code   RO         4136    .text               c_w.l(_printf_intcommon.o)
    0x08000732   0x08000732   0x00000002   PAD
    0x08000734   0x08000734   0x00000030   Code   RO         4138    .text               c_w.l(_printf_char_common.o)
    0x08000764   0x08000764   0x0000000a   Code   RO         4140    .text               c_w.l(_sputc.o)
    0x0800076e   0x0800076e   0x00000002   PAD
    0x08000770   0x08000770   0x00000024   Code   RO         4144    .text               c_w.l(_printf_char_file.o)
    0x08000794   0x08000794   0x00000064   Code   RO         4147    .text               c_w.l(rt_memcpy_w.o)
    0x080007f8   0x080007f8   0x00000008   Code   RO         4213    .text               c_w.l(ferror.o)
    0x08000800   0x08000800   0x00000008   Code   RO         4229    .text               c_w.l(libspace.o)
    0x08000808   0x08000808   0x0000004a   Code   RO         4232    .text               c_w.l(sys_stackheap_outer.o)
    0x08000852   0x08000852   0x00000012   Code   RO         4236    .text               c_w.l(exit.o)
    0x08000864   0x08000864   0x00000048   Code   RO         1125    i.Binary            pichandle.o
    0x080008ac   0x080008ac   0x00000002   Code   RO          208    i.BusFault_Handler  stm32f10x_it.o
    0x080008ae   0x080008ae   0x00000002   PAD
    0x080008b0   0x080008b0   0x00000034   Code   RO          902    i.CLK_init_ON       ov7670.o
    0x080008e4   0x080008e4   0x0000002a   Code   RO          691    i.CmdError          sdio_sdcard.o
    0x0800090e   0x0800090e   0x00000002   PAD
    0x08000910   0x08000910   0x00000050   Code   RO          692    i.CmdResp1Error     sdio_sdcard.o
    0x08000960   0x08000960   0x00000048   Code   RO          693    i.CmdResp2Error     sdio_sdcard.o
    0x080009a8   0x080009a8   0x00000030   Code   RO          694    i.CmdResp3Error     sdio_sdcard.o
    0x080009d8   0x080009d8   0x00000078   Code   RO          695    i.CmdResp6Error     sdio_sdcard.o
    0x08000a50   0x08000a50   0x0000003c   Code   RO          696    i.CmdResp7Error     sdio_sdcard.o
    0x08000a8c   0x08000a8c   0x00000016   Code   RO         2679    i.DMA_Cmd           stm32f10x_dma.o
    0x08000aa2   0x08000aa2   0x00000002   PAD
    0x08000aa4   0x08000aa4   0x000000e4   Code   RO         2680    i.DMA_DeInit        stm32f10x_dma.o
    0x08000b88   0x08000b88   0x0000003a   Code   RO         2685    i.DMA_Init          stm32f10x_dma.o
    0x08000bc2   0x08000bc2   0x00000002   Code   RO          209    i.DebugMon_Handler  stm32f10x_it.o
    0x08000bc4   0x08000bc4   0x00000020   Code   RO         1343    i.FSMC_NORSRAMCmd   stm32f10x_fsmc.o
    0x08000be4   0x08000be4   0x000000c8   Code   RO         1345    i.FSMC_NORSRAMInit  stm32f10x_fsmc.o
    0x08000cac   0x08000cac   0x00000138   Code   RO          697    i.FindSCR           sdio_sdcard.o
    0x08000de4   0x08000de4   0x0000009c   Code   RO         1458    i.GPIO_Init         stm32f10x_gpio.o
    0x08000e80   0x08000e80   0x00000058   Code   RO         1460    i.GPIO_PinRemapConfig  stm32f10x_gpio.o
    0x08000ed8   0x08000ed8   0x0000000e   Code   RO         1462    i.GPIO_ReadInputDataBit  stm32f10x_gpio.o
    0x08000ee6   0x08000ee6   0x00000004   Code   RO         1465    i.GPIO_ResetBits    stm32f10x_gpio.o
    0x08000eea   0x08000eea   0x00000004   Code   RO         1466    i.GPIO_SetBits      stm32f10x_gpio.o
    0x08000eee   0x08000eee   0x00000002   PAD
    0x08000ef0   0x08000ef0   0x0000003c   Code   RO         1127    i.GRB2GRey          pichandle.o
    0x08000f2c   0x08000f2c   0x00000002   Code   RO          210    i.HardFault_Handler  stm32f10x_it.o
    0x08000f2e   0x08000f2e   0x00000004   Code   RO         1209    i.INTX_DISABLE      sys.o
    0x08000f32   0x08000f32   0x00000004   Code   RO         1210    i.INTX_ENABLE       sys.o
    0x08000f36   0x08000f36   0x00000002   PAD
    0x08000f38   0x08000f38   0x0000008c   Code   RO          698    i.IsCardProgramming  sdio_sdcard.o
    0x08000fc4   0x08000fc4   0x0000003c   Code   RO          338    i.KEY_Init          key.o
    0x08001000   0x08001000   0x000000a8   Code   RO          339    i.KEY_Scan          key.o
    0x080010a8   0x080010a8   0x00000012   Code   RO          358    i.LCD_BGR2RGB       lcd.o
    0x080010ba   0x080010ba   0x00000002   PAD
    0x080010bc   0x080010bc   0x0000006c   Code   RO          359    i.LCD_Clear         lcd.o
    0x08001128   0x08001128   0x00000134   Code   RO          363    i.LCD_Display_Dir   lcd.o
    0x0800125c   0x0800125c   0x00002e2c   Code   RO          370    i.LCD_Init          lcd.o
    0x08004088   0x08004088   0x00000014   Code   RO          372    i.LCD_RD_DATA       lcd.o
    0x0800409c   0x0800409c   0x0000010c   Code   RO          373    i.LCD_ReadPoint     lcd.o
    0x080041a8   0x080041a8   0x00000018   Code   RO          374    i.LCD_ReadReg       lcd.o
    0x080041c0   0x080041c0   0x0000003c   Code   RO          375    i.LCD_SSD_BackLightSet  lcd.o
    0x080041fc   0x080041fc   0x000001a8   Code   RO          376    i.LCD_Scan_Dir      lcd.o
    0x080043a4   0x080043a4   0x00000148   Code   RO          377    i.LCD_SetCursor     lcd.o
    0x080044ec   0x080044ec   0x00000014   Code   RO          386    i.LCD_WriteRAM_Prepare  lcd.o
    0x08004500   0x08004500   0x00000010   Code   RO          387    i.LCD_WriteReg      lcd.o
    0x08004510   0x08004510   0x00000050   Code   RO          326    i.LED_Init          led.o
    0x08004560   0x08004560   0x00000002   Code   RO          211    i.MemManage_Handler  stm32f10x_it.o
    0x08004562   0x08004562   0x00000002   Code   RO          212    i.NMI_Handler       stm32f10x_it.o
    0x08004564   0x08004564   0x00000064   Code   RO         1296    i.NVIC_Init         misc.o
    0x080045c8   0x080045c8   0x00000014   Code   RO         1297    i.NVIC_PriorityGroupConfig  misc.o
    0x080045dc   0x080045dc   0x00000140   Code   RO          906    i.OV7670_Init       ov7670.o
    0x0800471c   0x0800471c   0x0000006e   Code   RO          909    i.OV7670_Window_Set  ov7670.o
    0x0800478a   0x0800478a   0x00000002   Code   RO          213    i.PendSV_Handler    stm32f10x_it.o
    0x0800478c   0x0800478c   0x00000018   Code   RO         1567    i.RCC_AHBPeriphClockCmd  stm32f10x_rcc.o
    0x080047a4   0x080047a4   0x00000018   Code   RO         1568    i.RCC_APB1PeriphClockCmd  stm32f10x_rcc.o
    0x080047bc   0x080047bc   0x00000018   Code   RO         1570    i.RCC_APB2PeriphClockCmd  stm32f10x_rcc.o
    0x080047d4   0x080047d4   0x00000094   Code   RO         1578    i.RCC_GetClocksFreq  stm32f10x_rcc.o
    0x08004868   0x08004868   0x0000000c   Code   RO         1588    i.RCC_MCOConfig     stm32f10x_rcc.o
    0x08004874   0x08004874   0x0000006c   Code   RO          966    i.SCCB_Init         sccb.o
    0x080048e0   0x080048e0   0x00000044   Code   RO          967    i.SCCB_No_Ack       sccb.o
    0x08004924   0x08004924   0x00000074   Code   RO          968    i.SCCB_RD_Byte      sccb.o
    0x08004998   0x08004998   0x0000004c   Code   RO          969    i.SCCB_RD_Reg       sccb.o
    0x080049e4   0x080049e4   0x00000034   Code   RO          970    i.SCCB_Start        sccb.o
    0x08004a18   0x08004a18   0x00000038   Code   RO          971    i.SCCB_Stop         sccb.o
    0x08004a50   0x08004a50   0x00000090   Code   RO          972    i.SCCB_WR_Byte      sccb.o
    0x08004ae0   0x08004ae0   0x0000003e   Code   RO          973    i.SCCB_WR_Reg       sccb.o
    0x08004b1e   0x08004b1e   0x00000002   PAD
    0x08004b20   0x08004b20   0x0000008c   Code   RO          699    i.SDEnWideBus       sdio_sdcard.o
    0x08004bac   0x08004bac   0x0000000c   Code   RO         2750    i.SDIO_ClearFlag    stm32f10x_sdio.o
    0x08004bb8   0x08004bb8   0x0000000c   Code   RO         2752    i.SDIO_ClockCmd     stm32f10x_sdio.o
    0x08004bc4   0x08004bc4   0x00000014   Code   RO          700    i.SDIO_Clock_Set    sdio_sdcard.o
    0x08004bd8   0x08004bd8   0x0000000c   Code   RO         2755    i.SDIO_DMACmd       stm32f10x_sdio.o
    0x08004be4   0x08004be4   0x0000002c   Code   RO         2756    i.SDIO_DataConfig   stm32f10x_sdio.o
    0x08004c10   0x08004c10   0x00000024   Code   RO         2758    i.SDIO_DeInit       stm32f10x_sdio.o
    0x08004c34   0x08004c34   0x00000014   Code   RO         2762    i.SDIO_GetFlagStatus  stm32f10x_sdio.o
    0x08004c48   0x08004c48   0x00000010   Code   RO         2764    i.SDIO_GetPowerState  stm32f10x_sdio.o
    0x08004c58   0x08004c58   0x00000004   Code   RO          701    i.SDIO_IRQHandler   sdio_sdcard.o
    0x08004c5c   0x08004c5c   0x0000002c   Code   RO         2767    i.SDIO_Init         stm32f10x_sdio.o
    0x08004c88   0x08004c88   0x0000000c   Code   RO         2768    i.SDIO_ReadData     stm32f10x_sdio.o
    0x08004c94   0x08004c94   0x00000028   Code   RO         2770    i.SDIO_SendCommand  stm32f10x_sdio.o
    0x08004cbc   0x08004cbc   0x00000018   Code   RO         2772    i.SDIO_SetPowerState  stm32f10x_sdio.o
    0x08004cd4   0x08004cd4   0x0000000c   Code   RO         2778    i.SDIO_WriteData    stm32f10x_sdio.o
    0x08004ce0   0x08004ce0   0x00000060   Code   RO          702    i.SD_DMA_Config     sdio_sdcard.o
    0x08004d40   0x08004d40   0x0000004c   Code   RO          703    i.SD_EnableWideBusOperation  sdio_sdcard.o
    0x08004d8c   0x08004d8c   0x00000218   Code   RO          704    i.SD_GetCardInfo    sdio_sdcard.o
    0x08004fa4   0x08004fa4   0x000000e0   Code   RO          706    i.SD_Init           sdio_sdcard.o
    0x08005084   0x08005084   0x00000114   Code   RO          707    i.SD_InitializeCards  sdio_sdcard.o
    0x08005198   0x08005198   0x0000019c   Code   RO          709    i.SD_PowerON        sdio_sdcard.o
    0x08005334   0x08005334   0x000000e8   Code   RO          710    i.SD_ProcessIRQSrc  sdio_sdcard.o
    0x0800541c   0x0800541c   0x000001f8   Code   RO          711    i.SD_ReadBlock      sdio_sdcard.o
    0x08005614   0x08005614   0x00000078   Code   RO          712    i.SD_ReadDisk       sdio_sdcard.o
    0x0800568c   0x0800568c   0x00000260   Code   RO          713    i.SD_ReadMultiBlocks  sdio_sdcard.o
    0x080058ec   0x080058ec   0x0000002c   Code   RO          714    i.SD_SelectDeselect  sdio_sdcard.o
    0x08005918   0x08005918   0x00000018   Code   RO          716    i.SD_SetDeviceMode  sdio_sdcard.o
    0x08005930   0x08005930   0x000002cc   Code   RO          717    i.SD_WriteBlock     sdio_sdcard.o
    0x08005bfc   0x08005bfc   0x00000070   Code   RO          718    i.SD_WriteDisk      sdio_sdcard.o
    0x08005c6c   0x08005c6c   0x000002e4   Code   RO          719    i.SD_WriteMultiBlocks  sdio_sdcard.o
    0x08005f50   0x08005f50   0x00000094   Code   RO          564    i.SPI2_Init         spi.o
    0x08005fe4   0x08005fe4   0x00000050   Code   RO          565    i.SPI2_ReadWriteByte  spi.o
    0x08006034   0x08006034   0x0000001c   Code   RO          566    i.SPI2_SetSpeed     spi.o
    0x08006050   0x08006050   0x00000014   Code   RO         1771    i.SPI_Cmd           stm32f10x_spi.o
    0x08006064   0x08006064   0x0000000e   Code   RO         1779    i.SPI_I2S_GetFlagStatus  stm32f10x_spi.o
    0x08006072   0x08006072   0x00000004   Code   RO         1782    i.SPI_I2S_ReceiveData  stm32f10x_spi.o
    0x08006076   0x08006076   0x00000004   Code   RO         1783    i.SPI_I2S_SendData  stm32f10x_spi.o
    0x0800607a   0x0800607a   0x00000038   Code   RO         1784    i.SPI_Init          stm32f10x_spi.o
    0x080060b2   0x080060b2   0x00000002   Code   RO          214    i.SVC_Handler       stm32f10x_it.o
    0x080060b4   0x080060b4   0x000000a8   Code   RO          297    i.SetSysClockTo72   system_stm32f10x.o
    0x0800615c   0x0800615c   0x00000018   Code   RO         1300    i.SysTick_CLKSourceConfig  misc.o
    0x08006174   0x08006174   0x00000002   Code   RO          215    i.SysTick_Handler   stm32f10x_it.o
    0x08006176   0x08006176   0x00000002   PAD
    0x08006178   0x08006178   0x00000050   Code   RO          299    i.SystemInit        system_stm32f10x.o
    0x080061c8   0x080061c8   0x00000034   Code   RO         1020    i.TIM3_IRQHandler   timer.o
    0x080061fc   0x080061fc   0x00000088   Code   RO         1024    i.TIM5_IRQHandler   timer.o
    0x08006284   0x08006284   0x00000040   Code   RO         1025    i.TIM6_IRQHandler   timer.o
    0x080062c4   0x080062c4   0x00000006   Code   RO         2099    i.TIM_ClearITPendingBit  stm32f10x_tim.o
    0x080062ca   0x080062ca   0x00000004   Code   RO         2119    i.TIM_GetCapture1   stm32f10x_tim.o
    0x080062ce   0x080062ce   0x00000018   Code   RO         2125    i.TIM_GetITStatus   stm32f10x_tim.o
    0x080062e6   0x080062e6   0x0000000c   Code   RO         2135    i.TIM_OC1PolarityConfig  stm32f10x_tim.o
    0x080062f2   0x080062f2   0x00000004   Code   RO         2169    i.TIM_SetCounter    stm32f10x_tim.o
    0x080062f6   0x080062f6   0x00000002   PAD
    0x080062f8   0x080062f8   0x00000064   Code   RO         1237    i.USART1_IRQHandler  usart.o
    0x0800635c   0x0800635c   0x00000014   Code   RO         1914    i.USART_Cmd         stm32f10x_usart.o
    0x08006370   0x08006370   0x0000003e   Code   RO         1918    i.USART_GetITStatus  stm32f10x_usart.o
    0x080063ae   0x080063ae   0x00000030   Code   RO         1920    i.USART_ITConfig    stm32f10x_usart.o
    0x080063de   0x080063de   0x00000002   PAD
    0x080063e0   0x080063e0   0x000000ac   Code   RO         1921    i.USART_Init        stm32f10x_usart.o
    0x0800648c   0x0800648c   0x00000008   Code   RO         1928    i.USART_ReceiveData  stm32f10x_usart.o
    0x08006494   0x08006494   0x00000002   Code   RO          216    i.UsageFault_Handler  stm32f10x_it.o
    0x08006496   0x08006496   0x00000002   PAD
    0x08006498   0x08006498   0x00000058   Code   RO          592    i.W25QXX_Erase_Sector  w25qxx.o
    0x080064f0   0x080064f0   0x00000058   Code   RO          593    i.W25QXX_Init       w25qxx.o
    0x08006548   0x08006548   0x00000050   Code   RO          595    i.W25QXX_Read       w25qxx.o
    0x08006598   0x08006598   0x00000044   Code   RO          596    i.W25QXX_ReadID     w25qxx.o
    0x080065dc   0x080065dc   0x00000024   Code   RO          597    i.W25QXX_ReadSR     w25qxx.o
    0x08006600   0x08006600   0x0000000c   Code   RO          599    i.W25QXX_Wait_Busy  w25qxx.o
    0x0800660c   0x0800660c   0x0000009c   Code   RO          600    i.W25QXX_Write      w25qxx.o
    0x080066a8   0x080066a8   0x00000020   Code   RO          602    i.W25QXX_Write_Enable  w25qxx.o
    0x080066c8   0x080066c8   0x0000003e   Code   RO          603    i.W25QXX_Write_NoCheck  w25qxx.o
    0x08006706   0x08006706   0x00000002   PAD
    0x08006708   0x08006708   0x00000058   Code   RO          604    i.W25QXX_Write_Page  w25qxx.o
    0x08006760   0x08006760   0x0000000e   Code   RO         4032    i._is_digit         c_w.l(__printf_wp.o)
    0x0800676e   0x0800676e   0x00000002   Code   RO         1238    i._sys_exit         usart.o
    0x08006770   0x08006770   0x000001d0   Code   RO         3673    i.bmp_encode        bmp.o
    0x08006940   0x08006940   0x0000004c   Code   RO            1    i.camera_new_pathname  main.o
    0x0800698c   0x0800698c   0x0000005c   Code   RO         3064    i.check_fs          ff.o
    0x080069e8   0x080069e8   0x00000010   Code   RO         3065    i.chk_chr           ff.o
    0x080069f8   0x080069f8   0x00000024   Code   RO         3066    i.clmt_clust        ff.o
    0x08006a1c   0x08006a1c   0x00000018   Code   RO         3067    i.clust2sect        ff.o
    0x08006a34   0x08006a34   0x00000012   Code   RO          720    i.convert_from_bytes_to_power_of_two  sdio_sdcard.o
    0x08006a46   0x08006a46   0x0000009e   Code   RO         3068    i.create_chain      ff.o
    0x08006ae4   0x08006ae4   0x00000218   Code   RO         3069    i.create_name       ff.o
    0x08006cfc   0x08006cfc   0x0000003c   Code   RO         1182    i.delay_init        delay.o
    0x08006d38   0x08006d38   0x00000034   Code   RO         1183    i.delay_ms          delay.o
    0x08006d6c   0x08006d6c   0x00000034   Code   RO         1184    i.delay_us          delay.o
    0x08006da0   0x08006da0   0x00000042   Code   RO         3070    i.dir_alloc         ff.o
    0x08006de2   0x08006de2   0x00000002   PAD
    0x08006de4   0x08006de4   0x0000012c   Code   RO         3071    i.dir_find          ff.o
    0x08006f10   0x08006f10   0x000000e6   Code   RO         3072    i.dir_next          ff.o
    0x08006ff6   0x08006ff6   0x00000002   PAD
    0x08006ff8   0x08006ff8   0x00000164   Code   RO         3074    i.dir_register      ff.o
    0x0800715c   0x0800715c   0x0000007c   Code   RO         3076    i.dir_sdi           ff.o
    0x080071d8   0x080071d8   0x00000028   Code   RO         3004    i.disk_initialize   diskio.o
    0x08007200   0x08007200   0x00000074   Code   RO         3005    i.disk_ioctl        diskio.o
    0x08007274   0x08007274   0x0000004c   Code   RO         3006    i.disk_read         diskio.o
    0x080072c0   0x080072c0   0x00000004   Code   RO         3007    i.disk_status       diskio.o
    0x080072c4   0x080072c4   0x0000004c   Code   RO         3008    i.disk_write        diskio.o
    0x08007310   0x08007310   0x00000064   Code   RO         3390    i.exfuns_init       exfuns.o
    0x08007374   0x08007374   0x0000001c   Code   RO         3078    i.f_close           ff.o
    0x08007390   0x08007390   0x00000180   Code   RO         3084    i.f_mkdir           ff.o
    0x08007510   0x08007510   0x0000004c   Code   RO         3086    i.f_mount           ff.o
    0x0800755c   0x0800755c   0x00000158   Code   RO         3087    i.f_open            ff.o
    0x080076b4   0x080076b4   0x00000098   Code   RO         3097    i.f_sync            ff.o
    0x0800774c   0x0800774c   0x00000180   Code   RO         3101    i.f_write           ff.o
    0x080078cc   0x080078cc   0x00000070   Code   RO         3582    i.ff_convert        mycc936.o
    0x0800793c   0x0800793c   0x00000008   Code   RO         3009    i.ff_memalloc       diskio.o
    0x08007944   0x08007944   0x00000008   Code   RO         3010    i.ff_memfree        diskio.o
    0x0800794c   0x0800794c   0x00000024   Code   RO         3583    i.ff_wtoupper       mycc936.o
    0x08007970   0x08007970   0x00000238   Code   RO         3102    i.find_volume       ff.o
    0x08007ba8   0x08007ba8   0x00000066   Code   RO         3103    i.follow_path       ff.o
    0x08007c0e   0x08007c0e   0x00000002   PAD
    0x08007c10   0x08007c10   0x00000018   Code   RO         1239    i.fputc             usart.o
    0x08007c28   0x08007c28   0x0000008c   Code   RO         3104    i.gen_numname       ff.o
    0x08007cb4   0x08007cb4   0x000000be   Code   RO         3105    i.get_fat           ff.o
    0x08007d72   0x08007d72   0x00000004   Code   RO         3011    i.get_fattime       diskio.o
    0x08007d76   0x08007d76   0x0000003c   Code   RO         3107    i.get_ldnumber      ff.o
    0x08007db2   0x08007db2   0x00000012   Code   RO         3108    i.ld_clust          ff.o
    0x08007dc4   0x08007dc4   0x000001f0   Code   RO            2    i.main              main.o
    0x08007fb4   0x08007fb4   0x00000010   Code   RO         3109    i.mem_cpy           ff.o
    0x08007fc4   0x08007fc4   0x0000000e   Code   RO         3110    i.mem_set           ff.o
    0x08007fd2   0x08007fd2   0x00000032   Code   RO         3111    i.move_window       ff.o
    0x08008004   0x08008004   0x00000058   Code   RO         2935    i.my_mem_free       malloc.o
    0x0800805c   0x0800805c   0x0000003c   Code   RO         2936    i.my_mem_init       malloc.o
    0x08008098   0x08008098   0x0000008c   Code   RO         2937    i.my_mem_malloc     malloc.o
    0x08008124   0x08008124   0x00000038   Code   RO         2938    i.my_mem_perused    malloc.o
    0x0800815c   0x0800815c   0x00000018   Code   RO         2939    i.myfree            malloc.o
    0x08008174   0x08008174   0x00000020   Code   RO         2940    i.mymalloc          malloc.o
    0x08008194   0x08008194   0x0000000c   Code   RO         2942    i.mymemset          malloc.o
    0x080081a0   0x080081a0   0x00000008   Code   RO         3807    i.pic_memalloc      piclib.o
    0x080081a8   0x080081a8   0x00000008   Code   RO         3808    i.pic_memfree       piclib.o
    0x080081b0   0x080081b0   0x000000f4   Code   RO         3112    i.put_fat           ff.o
    0x080082a4   0x080082a4   0x00000062   Code   RO         3114    i.remove_chain      ff.o
    0x08008306   0x08008306   0x00000010   Code   RO         3115    i.st_clust          ff.o
    0x08008316   0x08008316   0x0000001a   Code   RO         3116    i.sum_sfn           ff.o
    0x08008330   0x08008330   0x000000b0   Code   RO         3117    i.sync_fs           ff.o
    0x080083e0   0x080083e0   0x00000052   Code   RO         3118    i.sync_window       ff.o
    0x08008432   0x08008432   0x00000002   PAD
    0x08008434   0x08008434   0x000000a0   Code   RO         1240    i.uart_init         usart.o
    0x080084d4   0x080084d4   0x00000026   Code   RO         3119    i.validate          ff.o
    0x080084fa   0x080084fa   0x00000002   PAD
    0x080084fc   0x080084fc   0x0000005a   Code   RO         4073    x$fpl$dfixu         fz_ws.l(dfixu.o)
    0x08008556   0x08008556   0x00000026   Code   RO         4077    x$fpl$dfltu         fz_ws.l(dflt_clz.o)
    0x0800857c   0x0800857c   0x00000154   Code   RO         4083    x$fpl$dmul          fz_ws.l(dmul.o)
    0x080086d0   0x080086d0   0x0000009c   Code   RO         4149    x$fpl$dnaninf       fz_ws.l(dnaninf.o)
    0x0800876c   0x0800876c   0x0000000c   Code   RO         4151    x$fpl$dretinf       fz_ws.l(dretinf.o)
    0x08008778   0x08008778   0x00000000   Code   RO         4161    x$fpl$usenofp       fz_ws.l(usenofp.o)
    0x08008778   0x08008778   0x00000156   Data   RO          910    .constdata          ov7670.o
    0x080088ce   0x080088ce   0x00000002   PAD
    0x080088d0   0x080088d0   0x00000018   Data   RO         2948    .constdata          malloc.o
    0x080088e8   0x080088e8   0x0000003a   Data   RO         3120    .constdata          ff.o
    0x08008922   0x08008922   0x000003c0   Data   RO         3584    .constdata          mycc936.o
    0x08008ce2   0x08008ce2   0x00000028   Data   RO         4005    .constdata          c_w.l(_printf_hex_int.o)
    0x08008d0a   0x08008d0a   0x00000011   Data   RO         4035    .constdata          c_w.l(__printf_flags_wp.o)
    0x08008d1b   0x08008d1b   0x00000001   PAD
    0x08008d1c   0x08008d1c   0x00000020   Data   RO         4372    Region$$Table       anon$$obj.o


    Execution Region RW_IRAM1 (Exec base: 0x20000000, Load base: 0x08008d3c, Size: 0x0000c768, Max: 0x00010000, ABSOLUTE)

    Exec Addr    Load Addr    Size         Type   Attr      Idx    E Section Name        Object

    0x20000000   0x08008d3c   0x00000014   Data   RW          300    .data               system_stm32f10x.o
    0x20000014   0x08008d50   0x00000001   Data   RW          340    .data               key.o
    0x20000015   0x08008d51   0x00000001   PAD
    0x20000016   0x08008d52   0x00000004   Data   RW          391    .data               lcd.o
    0x2000001a   0x08008d56   0x00000002   Data   RW          607    .data               w25qxx.o
    0x2000001c   0x08008d58   0x00000010   Data   RW          722    .data               sdio_sdcard.o
    0x2000002c   0x08008d68   0x00000004   Data   RW         1028    .data               timer.o
    0x20000030   0x08008d6c   0x00000018   Data   RW         1133    .data               pichandle.o
    0x20000048   0x08008d84   0x00000004   Data   RW         1185    .data               delay.o
    0x2000004c   0x08008d88   0x00000002   Data   RW         1242    .data               usart.o
    0x2000004e   0x08008d8a   0x00000002   PAD
    0x20000050   0x08008d8c   0x00000004   Data   RW         1243    .data               usart.o
    0x20000054   0x08008d90   0x00000014   Data   RW         1598    .data               stm32f10x_rcc.o
    0x20000068   0x08008da4   0x0000001c   Data   RW         2949    .data               malloc.o
    0x20000084   0x08008dc0   0x00000002   Data   RW         3012    .data               diskio.o
    0x20000086   0x08008dc2   0x00000002   PAD
    0x20000088   0x08008dc4   0x0000000c   Data   RW         3121    .data               ff.o
    0x20000094   0x08008dd0   0x00000014   Data   RW         3396    .data               exfuns.o
    0x200000a8   0x08008de4   0x00000004   Data   RW         3398    .data               exfuns.o
    0x200000ac        -       0x00000280   Zero   RW            3    .bss                main.o
    0x2000032c        -       0x0000000e   Zero   RW          389    .bss                lcd.o
    0x2000033a        -       0x00001000   Zero   RW          606    .bss                w25qxx.o
    0x2000133a   0x08008de8   0x00000006   PAD
    0x20001340        -       0x000002c0   Zero   RW          721    .bss                sdio_sdcard.o
    0x20001600        -       0x000000c8   Zero   RW         1241    .bss                usart.o
    0x200016c8   0x08008de8   0x00000018   PAD
    0x200016e0        -       0x0000a000   Zero   RW         2946    .bss                malloc.o
    0x2000b6e0        -       0x00000a00   Zero   RW         2947    .bss                malloc.o
    0x2000c0e0        -       0x00000021   Zero   RW         3605    .bss                fontupd.o
    0x2000c101   0x08008de8   0x00000003   PAD
    0x2000c104        -       0x00000060   Zero   RW         4230    .bss                c_w.l(libspace.o)
    0x2000c164   0x08008de8   0x00000004   PAD
    0x2000c168        -       0x00000200   Zero   RW         1290    HEAP                startup_stm32f10x_hd.o
    0x2000c368        -       0x00000400   Zero   RW         1289    STACK               startup_stm32f10x_hd.o



  Load Region LR$$.ARM.__AT_0x68000000 (Base: 0x68000000, Size: 0x00000000, Max: 0x00000020, ABSOLUTE)

    Execution Region ER$$.ARM.__AT_0x68000000 (Exec base: 0x68000000, Load base: 0x68000000, Size: 0x00000020, Max: 0x00000020, ABSOLUTE, UNINIT)

    Exec Addr    Load Addr    Size         Type   Attr      Idx    E Section Name        Object

    0x68000000        -       0x00000020   Zero   RW         2944    .ARM.__AT_0x68000000  malloc.o



  Load Region LR$$.ARM.__AT_0x68000020 (Base: 0x68000020, Size: 0x00000000, Max: 0x00000004, ABSOLUTE)

    Execution Region ER$$.ARM.__AT_0x68000020 (Exec base: 0x68000020, Load base: 0x68000020, Size: 0x00000004, Max: 0x00000004, ABSOLUTE, UNINIT)

    Exec Addr    Load Addr    Size         Type   Attr      Idx    E Section Name        Object

    0x68000020        -       0x00000002   Zero   RW         2945    .ARM.__AT_0x68000020  malloc.o


==============================================================================

Image component sizes


      Code (inc. data)   RO Data    RW Data    ZI Data      Debug   Object Name

       464         40          0          0          0       1909   bmp.o
       164         26          0          4          0       1655   delay.o
       332         14          0          2          0       6044   diskio.o
       100          6          0         24          0       1635   exfuns.o
      5144         60         58         12          0      36198   ff.o
         0          0          0          0         33       1429   fontupd.o
       228         22          0          1          0       1174   key.o
     13414        140          0          4         14      48632   lcd.o
        80         10          0          0          0        491   led.o
       572         88          0          0        640     290455   main.o
       412         46         24         28      43554       5988   malloc.o
       144         16          0          0          0       2025   misc.o
       148         14        960          0          0       1855   mycc936.o
       482         36        342          0          0       3186   ov7670.o
       132         10          0         24          0       1637   pichandle.o
        16          0          0          0          0        909   piclib.o
       682         66          0          0          0       4783   sccb.o
      5776        266          0         16        704      33690   sdio_sdcard.o
       256         18          0          0          0       1745   spi.o
        64         26        304          0       1536        788   startup_stm32f10x_hd.o
       308         10          0          0          0       3522   stm32f10x_dma.o
       232          6          0          0          0       1841   stm32f10x_fsmc.o
       266          6          0          0          0       4466   stm32f10x_gpio.o
        18          0          0          0          0       3542   stm32f10x_it.o
       232         40          0         20          0       5486   stm32f10x_rcc.o
       284         66          0          0          0       7878   stm32f10x_sdio.o
        98          0          0          0          0       3758   stm32f10x_spi.o
        50          0          0          0          0       4132   stm32f10x_tim.o
       310          6          0          0          0       5090   stm32f10x_usart.o
         8          0          0          0          0        829   sys.o
       248         24          0         20          0       1665   system_stm32f10x.o
       252         40          0          4          0       1922   timer.o
       286         26          0          6        200       4072   usart.o
       710         58          0          2       4096       6827   w25qxx.o

    ----------------------------------------------------------------------
     31946       1186       1722        172      50812     501258   Object Totals
         0          0         32          0          0          0   (incl. Generated)
        34          0          2          5         35          0   (incl. Padding)

    ----------------------------------------------------------------------

      Code (inc. data)   RO Data    RW Data    ZI Data      Debug   Library Member Name

         8          0          0          0          0         68   __main.o
       312          4         17          0          0         92   __printf_flags_wp.o
        14          0          0          0          0         68   __printf_wp.o
         0          0          0          0          0          0   __rtentry.o
        12          0          0          0          0          0   __rtentry2.o
         6          0          0          0          0          0   __rtentry4.o
        52          8          0          0          0          0   __scatter.o
        26          0          0          0          0          0   __scatter_copy.o
        28          0          0          0          0          0   __scatter_zi.o
        48          6          0          0          0         96   _printf_char_common.o
        36          4          0          0          0         80   _printf_char_file.o
         6          0          0          0          0          0   _printf_d.o
       120         16          0          0          0         92   _printf_dec.o
        88          4         40          0          0         88   _printf_hex_int.o
       178          0          0          0          0         88   _printf_intcommon.o
        78          0          0          0          0        108   _printf_pad.o
         0          0          0          0          0          0   _printf_percent.o
         4          0          0          0          0          0   _printf_percent_end.o
         6          0          0          0          0          0   _printf_x.o
        10          0          0          0          0         68   _sputc.o
        18          0          0          0          0         80   exit.o
         8          0          0          0          0         68   ferror.o
         6          0          0          0          0        152   heapauxi.o
         2          0          0          0          0          0   libinit.o
         2          0          0          0          0          0   libinit2.o
         2          0          0          0          0          0   libshutdown.o
         2          0          0          0          0          0   libshutdown2.o
         8          4          0          0         96         68   libspace.o
        72          0          0          0          0         76   llsdiv.o
       238          0          0          0          0        100   lludivv7m.o
        24          4          0          0          0         84   noretval__2printf.o
        40          6          0          0          0         84   noretval__2sprintf.o
       138          0          0          0          0         68   rt_memcpy_v6.o
       100          0          0          0          0         80   rt_memcpy_w.o
         2          0          0          0          0          0   rtexit.o
        10          0          0          0          0          0   rtexit2.o
        74          0          0          0          0         80   sys_stackheap_outer.o
         2          0          0          0          0         68   use_no_semi.o
         2          0          0          0          0         68   use_no_semi_2.o
        90          4          0          0          0         92   dfixu.o
        38          0          0          0          0         68   dflt_clz.o
       340         12          0          0          0        104   dmul.o
       156          4          0          0          0         92   dnaninf.o
        12          0          0          0          0         68   dretinf.o
         0          0          0          0          0          0   usenofp.o

    ----------------------------------------------------------------------
      2430         76         58          0        100       2348   Library Totals
        12          0          1          0          4          0   (incl. Padding)

    ----------------------------------------------------------------------

      Code (inc. data)   RO Data    RW Data    ZI Data      Debug   Library Name

      1782         56         57          0         96       1924   c_w.l
       636         20          0          0          0        424   fz_ws.l

    ----------------------------------------------------------------------
      2430         76         58          0        100       2348   Library Totals

    ----------------------------------------------------------------------

==============================================================================


      Code (inc. data)   RO Data    RW Data    ZI Data      Debug   

     34376       1262       1780        172      50912     492682   Grand Totals
     34376       1262       1780        172      50912     492682   ELF Image Totals
     34376       1262       1780        172          0          0   ROM Totals

==============================================================================

    Total RO  Size (Code + RO Data)                36156 (  35.31kB)
    Total RW  Size (RW Data + ZI Data)             51084 (  49.89kB)
    Total ROM Size (Code + RO Data + RW Data)      36328 (  35.48kB)

==============================================================================

